Running Qualimap on POR_R0_C1...
Java memory size is set to 8G
Launching application...

QualiMap v.2.2.1
Built on 2016-10-03 18:14

Selected tool: rnaseq
Initializing regions from /work/pi_hputnam_uri_edu/HI_Genomes/Pcompressa/Porites_compressa_HIv1.gtf...

Initialized 100000 regions...
Initialized 200000 regions...
Initialized 300000 regions...
Initialized 400000 regions...
Initialized 500000 regions...

Initialized 530756 regions it total

Starting constructing transcripts for RNA-seq stats...
Finished constructing transcripts

Starting BAM file analysis

Sorting BAM file by name...

Read 10000000 records.
Finished reading inputs, merging and writing to output now.
Sorting by name finished.
Analyzed 500000 reads...
Analyzed 1000000 reads...
Analyzed 1500000 reads...
Analyzed 2000000 reads...
Analyzed 2500000 reads...
Analyzed 3000000 reads...
Analyzed 3500000 reads...
Analyzed 4000000 reads...
Analyzed 4500000 reads...
Analyzed 5000000 reads...
Analyzed 5500000 reads...
Analyzed 6000000 reads...
Analyzed 6500000 reads...
Analyzed 7000000 reads...
Analyzed 7500000 reads...
Analyzed 8000000 reads...
Analyzed 8500000 reads...
Analyzed 9000000 reads...
Analyzed 9500000 reads...
Analyzed 10000000 reads...

Counted 5039254 read pairs, 28 single reads

Processed 11554682 reads in total

Cleanup of temporary files

BAM file analysis finished
Creating plots
Writing HTML report...
HTML report created successfully

Running Qualimap on POR_R120_H2...
Java memory size is set to 8G
Launching application...

QualiMap v.2.2.1
Built on 2016-10-03 18:14

Selected tool: rnaseq
Initializing regions from /work/pi_hputnam_uri_edu/HI_Genomes/Pcompressa/Porites_compressa_HIv1.gtf...

Initialized 100000 regions...
Initialized 200000 regions...
Initialized 300000 regions...
Initialized 400000 regions...
Initialized 500000 regions...

Initialized 530756 regions it total

Starting constructing transcripts for RNA-seq stats...
Finished constructing transcripts

Starting BAM file analysis

Sorting BAM file by name...

Read 10000000 records.
Read 20000000 records.
Read 30000000 records.
Read 40000000 records.
Finished reading inputs, merging and writing to output now.
Sorting by name finished.
Analyzed 500000 reads...
Analyzed 1000000 reads...
Analyzed 1500000 reads...
Analyzed 2000000 reads...
Analyzed 2500000 reads...
Analyzed 3000000 reads...
Analyzed 3500000 reads...
Analyzed 4000000 reads...
Analyzed 4500000 reads...
Analyzed 5000000 reads...
Analyzed 5500000 reads...
Analyzed 6000000 reads...
Analyzed 6500000 reads...
Analyzed 7000000 reads...
Analyzed 7500000 reads...
Analyzed 8000000 reads...
Analyzed 8500000 reads...
Analyzed 9000000 reads...
Analyzed 9500000 reads...
Analyzed 10000000 reads...
Analyzed 10500000 reads...
Analyzed 11000000 reads...
Analyzed 11500000 reads...
Analyzed 12000000 reads...
Analyzed 12500000 reads...
Analyzed 13000000 reads...
Analyzed 13500000 reads...
Analyzed 14000000 reads...
Analyzed 14500000 reads...
Analyzed 15000000 reads...
Analyzed 15500000 reads...
Analyzed 16000000 reads...
Analyzed 16500000 reads...
Analyzed 17000000 reads...
Analyzed 17500000 reads...
Analyzed 18000000 reads...
Analyzed 18500000 reads...
Analyzed 19000000 reads...
Analyzed 19500000 reads...
Analyzed 20000000 reads...
Analyzed 20500000 reads...
Analyzed 21000000 reads...
Analyzed 21500000 reads...
Analyzed 22000000 reads...
Analyzed 22500000 reads...
Analyzed 23000000 reads...
Analyzed 23500000 reads...
Analyzed 24000000 reads...
Analyzed 24500000 reads...
Analyzed 25000000 reads...
Analyzed 25500000 reads...
Analyzed 26000000 reads...
Analyzed 26500000 reads...

Counted 13381835 read pairs, 157 single reads

Processed 31427027 reads in total

Cleanup of temporary files

BAM file analysis finished
Creating plots
Writing HTML report...
HTML report created successfully

Running Qualimap on POR_R120_H3...
Java memory size is set to 8G
Launching application...

QualiMap v.2.2.1
Built on 2016-10-03 18:14

Selected tool: rnaseq
Initializing regions from /work/pi_hputnam_uri_edu/HI_Genomes/Pcompressa/Porites_compressa_HIv1.gtf...

Initialized 100000 regions...
Initialized 200000 regions...
Initialized 300000 regions...
Initialized 400000 regions...
Initialized 500000 regions...

Initialized 530756 regions it total

Starting constructing transcripts for RNA-seq stats...
Finished constructing transcripts

Starting BAM file analysis

Sorting BAM file by name...

Read 10000000 records.
Finished reading inputs, merging and writing to output now.
Sorting by name finished.
Analyzed 500000 reads...
Analyzed 1000000 reads...
Analyzed 1500000 reads...
Analyzed 2000000 reads...
Analyzed 2500000 reads...
Analyzed 3000000 reads...
Analyzed 3500000 reads...
Analyzed 4000000 reads...
Analyzed 4500000 reads...
Analyzed 5000000 reads...
Analyzed 5500000 reads...
Analyzed 6000000 reads...

Counted 3105195 read pairs, 42 single reads

Processed 7394252 reads in total

Cleanup of temporary files

BAM file analysis finished
Creating plots
Writing HTML report...
HTML report created successfully

Running Qualimap on POR_R12_C1...
Java memory size is set to 8G
Launching application...

QualiMap v.2.2.1
Built on 2016-10-03 18:14

Selected tool: rnaseq
Initializing regions from /work/pi_hputnam_uri_edu/HI_Genomes/Pcompressa/Porites_compressa_HIv1.gtf...

Initialized 100000 regions...
Initialized 200000 regions...
Initialized 300000 regions...
Initialized 400000 regions...
Initialized 500000 regions...

Initialized 530756 regions it total

Starting constructing transcripts for RNA-seq stats...
Finished constructing transcripts

Starting BAM file analysis

Sorting BAM file by name...

Finished reading inputs, merging and writing to output now.
Sorting by name finished.
Analyzed 500000 reads...
Analyzed 1000000 reads...
Analyzed 1500000 reads...
Analyzed 2000000 reads...
Analyzed 2500000 reads...
Analyzed 3000000 reads...
Analyzed 3500000 reads...

Counted 1799296 read pairs, 18 single reads

Processed 4162072 reads in total

Cleanup of temporary files

BAM file analysis finished
Creating plots
Writing HTML report...
HTML report created successfully

Running Qualimap on POR_R12_C2...
Java memory size is set to 8G
Launching application...

QualiMap v.2.2.1
Built on 2016-10-03 18:14

Selected tool: rnaseq
Initializing regions from /work/pi_hputnam_uri_edu/HI_Genomes/Pcompressa/Porites_compressa_HIv1.gtf...

Initialized 100000 regions...
Initialized 200000 regions...
Initialized 300000 regions...
Initialized 400000 regions...
Initialized 500000 regions...

Initialized 530756 regions it total

Starting constructing transcripts for RNA-seq stats...
Finished constructing transcripts

Starting BAM file analysis

Sorting BAM file by name...

Read 10000000 records.
Read 20000000 records.
Finished reading inputs, merging and writing to output now.
Sorting by name finished.
Analyzed 500000 reads...
Analyzed 1000000 reads...
Analyzed 1500000 reads...
Analyzed 2000000 reads...
Analyzed 2500000 reads...
Analyzed 3000000 reads...
Analyzed 3500000 reads...
Analyzed 4000000 reads...
Analyzed 4500000 reads...
Analyzed 5000000 reads...
Analyzed 5500000 reads...
Analyzed 6000000 reads...
Analyzed 6500000 reads...
Analyzed 7000000 reads...
Analyzed 7500000 reads...
Analyzed 8000000 reads...
Analyzed 8500000 reads...
Analyzed 9000000 reads...
Analyzed 9500000 reads...
Analyzed 10000000 reads...
Analyzed 10500000 reads...
Analyzed 11000000 reads...
Analyzed 11500000 reads...
Analyzed 12000000 reads...
Analyzed 12500000 reads...
Analyzed 13000000 reads...
Analyzed 13500000 reads...
Analyzed 14000000 reads...
Analyzed 14500000 reads...
Analyzed 15000000 reads...
Analyzed 15500000 reads...
Analyzed 16000000 reads...

Counted 8016098 read pairs, 82 single reads

Processed 19994307 reads in total

Cleanup of temporary files

BAM file analysis finished
Creating plots
Writing HTML report...
HTML report created successfully

Running Qualimap on POR_R12_C3...
Java memory size is set to 8G
Launching application...

QualiMap v.2.2.1
Built on 2016-10-03 18:14

Selected tool: rnaseq
Initializing regions from /work/pi_hputnam_uri_edu/HI_Genomes/Pcompressa/Porites_compressa_HIv1.gtf...

Initialized 100000 regions...
Initialized 200000 regions...
Initialized 300000 regions...
Initialized 400000 regions...
Initialized 500000 regions...

Initialized 530756 regions it total

Starting constructing transcripts for RNA-seq stats...
Finished constructing transcripts

Starting BAM file analysis

Sorting BAM file by name...

Finished reading inputs, merging and writing to output now.
Sorting by name finished.
Analyzed 500000 reads...
Analyzed 1000000 reads...
Analyzed 1500000 reads...
Analyzed 2000000 reads...
Analyzed 2500000 reads...
Analyzed 3000000 reads...
Analyzed 3500000 reads...
Analyzed 4000000 reads...
Analyzed 4500000 reads...

Counted 2345285 read pairs, 13 single reads

Processed 5313671 reads in total

Cleanup of temporary files

BAM file analysis finished
Creating plots
Writing HTML report...
HTML report created successfully

Running Qualimap on POR_R12_H1...
Java memory size is set to 8G
Launching application...

QualiMap v.2.2.1
Built on 2016-10-03 18:14

Selected tool: rnaseq
Initializing regions from /work/pi_hputnam_uri_edu/HI_Genomes/Pcompressa/Porites_compressa_HIv1.gtf...

Initialized 100000 regions...
Initialized 200000 regions...
Initialized 300000 regions...
Initialized 400000 regions...
Initialized 500000 regions...

Initialized 530756 regions it total

Starting constructing transcripts for RNA-seq stats...
Finished constructing transcripts

Starting BAM file analysis

Sorting BAM file by name...

Read 10000000 records.
Read 20000000 records.
Read 30000000 records.
Finished reading inputs, merging and writing to output now.
Sorting by name finished.
Analyzed 500000 reads...
Analyzed 1000000 reads...
Analyzed 1500000 reads...
Analyzed 2000000 reads...
Analyzed 2500000 reads...
Analyzed 3000000 reads...
Analyzed 3500000 reads...
Analyzed 4000000 reads...
Analyzed 4500000 reads...
Analyzed 5000000 reads...
Analyzed 5500000 reads...
Analyzed 6000000 reads...
Analyzed 6500000 reads...
Analyzed 7000000 reads...
Analyzed 7500000 reads...
Analyzed 8000000 reads...
Analyzed 8500000 reads...
Analyzed 9000000 reads...
Analyzed 9500000 reads...
Analyzed 10000000 reads...
Analyzed 10500000 reads...
Analyzed 11000000 reads...
Analyzed 11500000 reads...
Analyzed 12000000 reads...
Analyzed 12500000 reads...
Analyzed 13000000 reads...
Analyzed 13500000 reads...
Analyzed 14000000 reads...
Analyzed 14500000 reads...
Analyzed 15000000 reads...
Analyzed 15500000 reads...
Analyzed 16000000 reads...
Analyzed 16500000 reads...
Analyzed 17000000 reads...
Analyzed 17500000 reads...
Analyzed 18000000 reads...
Analyzed 18500000 reads...
Analyzed 19000000 reads...
Analyzed 19500000 reads...
Analyzed 20000000 reads...

Counted 10174978 read pairs, 128 single reads

Processed 23856804 reads in total

Cleanup of temporary files

BAM file analysis finished
Creating plots
Writing HTML report...
HTML report created successfully

Running Qualimap on POR_R12_H2...
Java memory size is set to 8G
Launching application...

QualiMap v.2.2.1
Built on 2016-10-03 18:14

Selected tool: rnaseq
Initializing regions from /work/pi_hputnam_uri_edu/HI_Genomes/Pcompressa/Porites_compressa_HIv1.gtf...

Initialized 100000 regions...
Initialized 200000 regions...
Initialized 300000 regions...
Initialized 400000 regions...
Initialized 500000 regions...

Initialized 530756 regions it total

Starting constructing transcripts for RNA-seq stats...
Finished constructing transcripts

Starting BAM file analysis

Sorting BAM file by name...

Read 10000000 records.
Read 20000000 records.
Read 30000000 records.
Finished reading inputs, merging and writing to output now.
Sorting by name finished.
Analyzed 500000 reads...
Analyzed 1000000 reads...
Analyzed 1500000 reads...
Analyzed 2000000 reads...
Analyzed 2500000 reads...
Analyzed 3000000 reads...
Analyzed 3500000 reads...
Analyzed 4000000 reads...
Analyzed 4500000 reads...
Analyzed 5000000 reads...
Analyzed 5500000 reads...
Analyzed 6000000 reads...
Analyzed 6500000 reads...
Analyzed 7000000 reads...
Analyzed 7500000 reads...
Analyzed 8000000 reads...
Analyzed 8500000 reads...
Analyzed 9000000 reads...
Analyzed 9500000 reads...
Analyzed 10000000 reads...
Analyzed 10500000 reads...
Analyzed 11000000 reads...
Analyzed 11500000 reads...
Analyzed 12000000 reads...
Analyzed 12500000 reads...
Analyzed 13000000 reads...
Analyzed 13500000 reads...
Analyzed 14000000 reads...
Analyzed 14500000 reads...
Analyzed 15000000 reads...
Analyzed 15500000 reads...
Analyzed 16000000 reads...
Analyzed 16500000 reads...
Analyzed 17000000 reads...
Analyzed 17500000 reads...
Analyzed 18000000 reads...
Analyzed 18500000 reads...
Analyzed 19000000 reads...
Analyzed 19500000 reads...
Analyzed 20000000 reads...
Analyzed 20500000 reads...
Analyzed 21000000 reads...
Analyzed 21500000 reads...
Analyzed 22000000 reads...

Counted 11004425 read pairs, 124 single reads

Processed 26289922 reads in total

Cleanup of temporary files

BAM file analysis finished
Creating plots
Writing HTML report...
HTML report created successfully

Running Qualimap on POR_R12_H3...
Java memory size is set to 8G
Launching application...

QualiMap v.2.2.1
Built on 2016-10-03 18:14

Selected tool: rnaseq
Initializing regions from /work/pi_hputnam_uri_edu/HI_Genomes/Pcompressa/Porites_compressa_HIv1.gtf...

Initialized 100000 regions...
Initialized 200000 regions...
Initialized 300000 regions...
Initialized 400000 regions...
Initialized 500000 regions...

Initialized 530756 regions it total

Starting constructing transcripts for RNA-seq stats...
Finished constructing transcripts

Starting BAM file analysis

Sorting BAM file by name...

Read 10000000 records.
Read 20000000 records.
Finished reading inputs, merging and writing to output now.
Sorting by name finished.
Analyzed 500000 reads...
Analyzed 1000000 reads...
Analyzed 1500000 reads...
Analyzed 2000000 reads...
Analyzed 2500000 reads...
Analyzed 3000000 reads...
Analyzed 3500000 reads...
Analyzed 4000000 reads...
Analyzed 4500000 reads...
Analyzed 5000000 reads...
Analyzed 5500000 reads...
Analyzed 6000000 reads...
Analyzed 6500000 reads...
Analyzed 7000000 reads...
Analyzed 7500000 reads...
Analyzed 8000000 reads...
Analyzed 8500000 reads...
Analyzed 9000000 reads...
Analyzed 9500000 reads...
Analyzed 10000000 reads...
Analyzed 10500000 reads...
Analyzed 11000000 reads...
Analyzed 11500000 reads...
Analyzed 12000000 reads...
Analyzed 12500000 reads...
Analyzed 13000000 reads...
Analyzed 13500000 reads...
Analyzed 14000000 reads...
Analyzed 14500000 reads...
Analyzed 15000000 reads...

Counted 7582305 read pairs, 87 single reads

Processed 17717678 reads in total

Cleanup of temporary files

BAM file analysis finished
Creating plots
Writing HTML report...
HTML report created successfully

Running Qualimap on POR_R1_C1...
Java memory size is set to 8G
Launching application...

QualiMap v.2.2.1
Built on 2016-10-03 18:14

Selected tool: rnaseq
Initializing regions from /work/pi_hputnam_uri_edu/HI_Genomes/Pcompressa/Porites_compressa_HIv1.gtf...

Initialized 100000 regions...
Initialized 200000 regions...
Initialized 300000 regions...
Initialized 400000 regions...
Initialized 500000 regions...

Initialized 530756 regions it total

Starting constructing transcripts for RNA-seq stats...
Finished constructing transcripts

Starting BAM file analysis

Sorting BAM file by name...

Finished reading inputs, merging and writing to output now.
Sorting by name finished.
Analyzed 500000 reads...
Analyzed 1000000 reads...
Analyzed 1500000 reads...
Analyzed 2000000 reads...
Analyzed 2500000 reads...
Analyzed 3000000 reads...
Analyzed 3500000 reads...

Counted 1903538 read pairs, 15 single reads

Processed 4407585 reads in total

Cleanup of temporary files

BAM file analysis finished
Creating plots
Writing HTML report...
HTML report created successfully

Running Qualimap on POR_R1_C2...
Java memory size is set to 8G
Launching application...

QualiMap v.2.2.1
Built on 2016-10-03 18:14

Selected tool: rnaseq
Initializing regions from /work/pi_hputnam_uri_edu/HI_Genomes/Pcompressa/Porites_compressa_HIv1.gtf...

Initialized 100000 regions...
Initialized 200000 regions...
Initialized 300000 regions...
Initialized 400000 regions...
Initialized 500000 regions...

Initialized 530756 regions it total

Starting constructing transcripts for RNA-seq stats...
Finished constructing transcripts

Starting BAM file analysis

Sorting BAM file by name...

Read 10000000 records.
Finished reading inputs, merging and writing to output now.
Sorting by name finished.
Analyzed 500000 reads...
Analyzed 1000000 reads...
Analyzed 1500000 reads...
Analyzed 2000000 reads...
Analyzed 2500000 reads...
Analyzed 3000000 reads...
Analyzed 3500000 reads...
Analyzed 4000000 reads...
Analyzed 4500000 reads...
Analyzed 5000000 reads...
Analyzed 5500000 reads...
Analyzed 6000000 reads...
Analyzed 6500000 reads...
Analyzed 7000000 reads...
Analyzed 7500000 reads...
Analyzed 8000000 reads...
Analyzed 8500000 reads...
Analyzed 9000000 reads...
Analyzed 9500000 reads...

Counted 4847343 read pairs, 51 single reads

Processed 10995673 reads in total

Cleanup of temporary files

BAM file analysis finished
Creating plots
Writing HTML report...
HTML report created successfully

Running Qualimap on POR_R0_C2...
Java memory size is set to 8G
Launching application...

QualiMap v.2.2.1
Built on 2016-10-03 18:14

Selected tool: rnaseq
Initializing regions from /work/pi_hputnam_uri_edu/HI_Genomes/Pcompressa/Porites_compressa_HIv1.gtf...

Initialized 100000 regions...
Initialized 200000 regions...
Initialized 300000 regions...
Initialized 400000 regions...
Initialized 500000 regions...

Initialized 530756 regions it total

Starting constructing transcripts for RNA-seq stats...
Finished constructing transcripts

Starting BAM file analysis

Sorting BAM file by name...

Read 10000000 records.
Finished reading inputs, merging and writing to output now.
Sorting by name finished.
Analyzed 500000 reads...
Analyzed 1000000 reads...
Analyzed 1500000 reads...
Analyzed 2000000 reads...
Analyzed 2500000 reads...
Analyzed 3000000 reads...
Analyzed 3500000 reads...
Analyzed 4000000 reads...
Analyzed 4500000 reads...
Analyzed 5000000 reads...
Analyzed 5500000 reads...
Analyzed 6000000 reads...
Analyzed 6500000 reads...
Analyzed 7000000 reads...
Analyzed 7500000 reads...

Counted 3775077 read pairs, 22 single reads

Processed 9148861 reads in total

Cleanup of temporary files

BAM file analysis finished
Creating plots
Writing HTML report...
HTML report created successfully

Running Qualimap on POR_R1_C3...
Java memory size is set to 8G
Launching application...

QualiMap v.2.2.1
Built on 2016-10-03 18:14

Selected tool: rnaseq
Initializing regions from /work/pi_hputnam_uri_edu/HI_Genomes/Pcompressa/Porites_compressa_HIv1.gtf...

Initialized 100000 regions...
Initialized 200000 regions...
Initialized 300000 regions...
Initialized 400000 regions...
Initialized 500000 regions...

Initialized 530756 regions it total

Starting constructing transcripts for RNA-seq stats...
Finished constructing transcripts

Starting BAM file analysis

Sorting BAM file by name...

Read 10000000 records.
Finished reading inputs, merging and writing to output now.
Sorting by name finished.
Analyzed 500000 reads...
Analyzed 1000000 reads...
Analyzed 1500000 reads...
Analyzed 2000000 reads...
Analyzed 2500000 reads...
Analyzed 3000000 reads...
Analyzed 3500000 reads...
Analyzed 4000000 reads...
Analyzed 4500000 reads...
Analyzed 5000000 reads...
Analyzed 5500000 reads...
Analyzed 6000000 reads...
Analyzed 6500000 reads...
Analyzed 7000000 reads...
Analyzed 7500000 reads...
Analyzed 8000000 reads...
Analyzed 8500000 reads...
Analyzed 9000000 reads...

Counted 4685654 read pairs, 48 single reads

Processed 10859570 reads in total

Cleanup of temporary files

BAM file analysis finished
Creating plots
Writing HTML report...
HTML report created successfully

Running Qualimap on POR_R1_H1...
Java memory size is set to 8G
Launching application...

QualiMap v.2.2.1
Built on 2016-10-03 18:14

Selected tool: rnaseq
Initializing regions from /work/pi_hputnam_uri_edu/HI_Genomes/Pcompressa/Porites_compressa_HIv1.gtf...

Initialized 100000 regions...
Initialized 200000 regions...
Initialized 300000 regions...
Initialized 400000 regions...
Initialized 500000 regions...

Initialized 530756 regions it total

Starting constructing transcripts for RNA-seq stats...
Finished constructing transcripts

Starting BAM file analysis

Sorting BAM file by name...

Finished reading inputs, merging and writing to output now.
Sorting by name finished.
Analyzed 500000 reads...
Analyzed 1000000 reads...
Analyzed 1500000 reads...
Analyzed 2000000 reads...
Analyzed 2500000 reads...
Analyzed 3000000 reads...
Analyzed 3500000 reads...
Analyzed 4000000 reads...

Counted 2163578 read pairs, 12 single reads

Processed 5439047 reads in total

Cleanup of temporary files

BAM file analysis finished
Creating plots
Writing HTML report...
HTML report created successfully

Running Qualimap on POR_R1_H2...
Java memory size is set to 8G
Launching application...

QualiMap v.2.2.1
Built on 2016-10-03 18:14

Selected tool: rnaseq
Initializing regions from /work/pi_hputnam_uri_edu/HI_Genomes/Pcompressa/Porites_compressa_HIv1.gtf...

Initialized 100000 regions...
Initialized 200000 regions...
Initialized 300000 regions...
Initialized 400000 regions...
Initialized 500000 regions...

Initialized 530756 regions it total

Starting constructing transcripts for RNA-seq stats...
Finished constructing transcripts

Starting BAM file analysis

Sorting BAM file by name...

Finished reading inputs, merging and writing to output now.
Sorting by name finished.
Analyzed 500000 reads...
Analyzed 1000000 reads...
Analyzed 1500000 reads...
Analyzed 2000000 reads...
Analyzed 2500000 reads...
Analyzed 3000000 reads...
Analyzed 3500000 reads...

Counted 1788692 read pairs, 21 single reads

Processed 4315555 reads in total

Cleanup of temporary files

BAM file analysis finished
Creating plots
Writing HTML report...
HTML report created successfully

Running Qualimap on POR_R1_H3...
Java memory size is set to 8G
Launching application...

QualiMap v.2.2.1
Built on 2016-10-03 18:14

Selected tool: rnaseq
Initializing regions from /work/pi_hputnam_uri_edu/HI_Genomes/Pcompressa/Porites_compressa_HIv1.gtf...

Initialized 100000 regions...
Initialized 200000 regions...
Initialized 300000 regions...
Initialized 400000 regions...
Initialized 500000 regions...

Initialized 530756 regions it total

Starting constructing transcripts for RNA-seq stats...
Finished constructing transcripts

Starting BAM file analysis

Sorting BAM file by name...

Read 10000000 records.
Finished reading inputs, merging and writing to output now.
Sorting by name finished.
Analyzed 500000 reads...
Analyzed 1000000 reads...
Analyzed 1500000 reads...
Analyzed 2000000 reads...
Analyzed 2500000 reads...
Analyzed 3000000 reads...
Analyzed 3500000 reads...
Analyzed 4000000 reads...
Analyzed 4500000 reads...
Analyzed 5000000 reads...
Analyzed 5500000 reads...
Analyzed 6000000 reads...
Analyzed 6500000 reads...
Analyzed 7000000 reads...
Analyzed 7500000 reads...
Analyzed 8000000 reads...
Analyzed 8500000 reads...
Analyzed 9000000 reads...
Analyzed 9500000 reads...
Analyzed 10000000 reads...
Analyzed 10500000 reads...
Analyzed 11000000 reads...

Counted 5522152 read pairs, 60 single reads

Processed 13566837 reads in total

Cleanup of temporary files

BAM file analysis finished
Creating plots
Writing HTML report...
HTML report created successfully

Running Qualimap on POR_R24_C1...
Java memory size is set to 8G
Launching application...

QualiMap v.2.2.1
Built on 2016-10-03 18:14

Selected tool: rnaseq
Initializing regions from /work/pi_hputnam_uri_edu/HI_Genomes/Pcompressa/Porites_compressa_HIv1.gtf...

Initialized 100000 regions...
Initialized 200000 regions...
Initialized 300000 regions...
Initialized 400000 regions...
Initialized 500000 regions...

Initialized 530756 regions it total

Starting constructing transcripts for RNA-seq stats...
Finished constructing transcripts

Starting BAM file analysis

Sorting BAM file by name...

Read 10000000 records.
Read 20000000 records.
Finished reading inputs, merging and writing to output now.
Sorting by name finished.
Analyzed 500000 reads...
Analyzed 1000000 reads...
Analyzed 1500000 reads...
Analyzed 2000000 reads...
Analyzed 2500000 reads...
Analyzed 3000000 reads...
Analyzed 3500000 reads...
Analyzed 4000000 reads...
Analyzed 4500000 reads...
Analyzed 5000000 reads...
Analyzed 5500000 reads...
Analyzed 6000000 reads...
Analyzed 6500000 reads...
Analyzed 7000000 reads...
Analyzed 7500000 reads...
Analyzed 8000000 reads...
Analyzed 8500000 reads...
Analyzed 9000000 reads...
Analyzed 9500000 reads...
Analyzed 10000000 reads...
Analyzed 10500000 reads...
Analyzed 11000000 reads...
Analyzed 11500000 reads...
Analyzed 12000000 reads...
Analyzed 12500000 reads...
Analyzed 13000000 reads...
Analyzed 13500000 reads...
Analyzed 14000000 reads...
Analyzed 14500000 reads...
Analyzed 15000000 reads...
Analyzed 15500000 reads...
Analyzed 16000000 reads...

Counted 8196535 read pairs, 66 single reads

Processed 18727842 reads in total

Cleanup of temporary files

BAM file analysis finished
Creating plots
Writing HTML report...
HTML report created successfully

Running Qualimap on POR_R24_C2...
Java memory size is set to 8G
Launching application...

QualiMap v.2.2.1
Built on 2016-10-03 18:14

Selected tool: rnaseq
Initializing regions from /work/pi_hputnam_uri_edu/HI_Genomes/Pcompressa/Porites_compressa_HIv1.gtf...

Initialized 100000 regions...
Initialized 200000 regions...
Initialized 300000 regions...
Initialized 400000 regions...
Initialized 500000 regions...

Initialized 530756 regions it total

Starting constructing transcripts for RNA-seq stats...
Finished constructing transcripts

Starting BAM file analysis

Sorting BAM file by name...

Finished reading inputs, merging and writing to output now.
Sorting by name finished.
Analyzed 500000 reads...
Analyzed 1000000 reads...
Analyzed 1500000 reads...
Analyzed 2000000 reads...
Analyzed 2500000 reads...
Analyzed 3000000 reads...
Analyzed 3500000 reads...
Analyzed 4000000 reads...
Analyzed 4500000 reads...
Analyzed 5000000 reads...
Analyzed 5500000 reads...
Analyzed 6000000 reads...

Counted 3116682 read pairs, 21 single reads

Processed 7099868 reads in total

Cleanup of temporary files

BAM file analysis finished
Creating plots
Writing HTML report...
HTML report created successfully

Running Qualimap on POR_R24_C3...
Java memory size is set to 8G
Launching application...

QualiMap v.2.2.1
Built on 2016-10-03 18:14

Selected tool: rnaseq
Initializing regions from /work/pi_hputnam_uri_edu/HI_Genomes/Pcompressa/Porites_compressa_HIv1.gtf...

Initialized 100000 regions...
Initialized 200000 regions...
Initialized 300000 regions...
Initialized 400000 regions...
Initialized 500000 regions...

Initialized 530756 regions it total

Starting constructing transcripts for RNA-seq stats...
Finished constructing transcripts

Starting BAM file analysis

Sorting BAM file by name...

Read 10000000 records.
Finished reading inputs, merging and writing to output now.
Sorting by name finished.
Analyzed 500000 reads...
Analyzed 1000000 reads...
Analyzed 1500000 reads...
Analyzed 2000000 reads...
Analyzed 2500000 reads...
Analyzed 3000000 reads...
Analyzed 3500000 reads...
Analyzed 4000000 reads...
Analyzed 4500000 reads...
Analyzed 5000000 reads...
Analyzed 5500000 reads...
Analyzed 6000000 reads...
Analyzed 6500000 reads...
Analyzed 7000000 reads...
Analyzed 7500000 reads...
Analyzed 8000000 reads...
Analyzed 8500000 reads...

Counted 4317056 read pairs, 60 single reads

Processed 11397396 reads in total

Cleanup of temporary files

BAM file analysis finished
Creating plots
Writing HTML report...
HTML report created successfully

Running Qualimap on POR_R24_H1...
Java memory size is set to 8G
Launching application...

QualiMap v.2.2.1
Built on 2016-10-03 18:14

Selected tool: rnaseq
Initializing regions from /work/pi_hputnam_uri_edu/HI_Genomes/Pcompressa/Porites_compressa_HIv1.gtf...

Initialized 100000 regions...
Initialized 200000 regions...
Initialized 300000 regions...
Initialized 400000 regions...
Initialized 500000 regions...

Initialized 530756 regions it total

Starting constructing transcripts for RNA-seq stats...
Finished constructing transcripts

Starting BAM file analysis

Sorting BAM file by name...

Finished reading inputs, merging and writing to output now.
Sorting by name finished.
Analyzed 500000 reads...
Analyzed 1000000 reads...
Analyzed 1500000 reads...
Analyzed 2000000 reads...
Analyzed 2500000 reads...

Counted 1313465 read pairs, 5 single reads

Processed 3564703 reads in total

Cleanup of temporary files

BAM file analysis finished
Creating plots
Writing HTML report...
HTML report created successfully

Running Qualimap on POR_R24_H2...
Java memory size is set to 8G
Launching application...

QualiMap v.2.2.1
Built on 2016-10-03 18:14

Selected tool: rnaseq
Initializing regions from /work/pi_hputnam_uri_edu/HI_Genomes/Pcompressa/Porites_compressa_HIv1.gtf...

Initialized 100000 regions...
Initialized 200000 regions...
Initialized 300000 regions...
Initialized 400000 regions...
Initialized 500000 regions...

Initialized 530756 regions it total

Starting constructing transcripts for RNA-seq stats...
Finished constructing transcripts

Starting BAM file analysis

Sorting BAM file by name...

Read 10000000 records.
Read 20000000 records.
Finished reading inputs, merging and writing to output now.
Sorting by name finished.
Analyzed 500000 reads...
Analyzed 1000000 reads...
Analyzed 1500000 reads...
Analyzed 2000000 reads...
Analyzed 2500000 reads...
Analyzed 3000000 reads...
Analyzed 3500000 reads...
Analyzed 4000000 reads...
Analyzed 4500000 reads...
Analyzed 5000000 reads...
Analyzed 5500000 reads...
Analyzed 6000000 reads...
Analyzed 6500000 reads...
Analyzed 7000000 reads...
Analyzed 7500000 reads...
Analyzed 8000000 reads...
Analyzed 8500000 reads...
Analyzed 9000000 reads...
Analyzed 9500000 reads...
Analyzed 10000000 reads...
Analyzed 10500000 reads...
Analyzed 11000000 reads...
Analyzed 11500000 reads...
Analyzed 12000000 reads...
Analyzed 12500000 reads...
Analyzed 13000000 reads...
Analyzed 13500000 reads...
Analyzed 14000000 reads...
Analyzed 14500000 reads...

Counted 7271395 read pairs, 95 single reads

Processed 17574466 reads in total

Cleanup of temporary files

BAM file analysis finished
Creating plots
Writing HTML report...
HTML report created successfully

Running Qualimap on POR_R24_H3...
Java memory size is set to 8G
Launching application...

QualiMap v.2.2.1
Built on 2016-10-03 18:14

Selected tool: rnaseq
Initializing regions from /work/pi_hputnam_uri_edu/HI_Genomes/Pcompressa/Porites_compressa_HIv1.gtf...

Initialized 100000 regions...
Initialized 200000 regions...
Initialized 300000 regions...
Initialized 400000 regions...
Initialized 500000 regions...

Initialized 530756 regions it total

Starting constructing transcripts for RNA-seq stats...
Finished constructing transcripts

Starting BAM file analysis

Sorting BAM file by name...

Read 10000000 records.
Read 20000000 records.
Finished reading inputs, merging and writing to output now.
Sorting by name finished.
Analyzed 500000 reads...
Analyzed 1000000 reads...
Analyzed 1500000 reads...
Analyzed 2000000 reads...
Analyzed 2500000 reads...
Analyzed 3000000 reads...
Analyzed 3500000 reads...
Analyzed 4000000 reads...
Analyzed 4500000 reads...
Analyzed 5000000 reads...
Analyzed 5500000 reads...
Analyzed 6000000 reads...
Analyzed 6500000 reads...
Analyzed 7000000 reads...
Analyzed 7500000 reads...
Analyzed 8000000 reads...
Analyzed 8500000 reads...
Analyzed 9000000 reads...
Analyzed 9500000 reads...
Analyzed 10000000 reads...
Analyzed 10500000 reads...
Analyzed 11000000 reads...
Analyzed 11500000 reads...
Analyzed 12000000 reads...
Analyzed 12500000 reads...
Analyzed 13000000 reads...
Analyzed 13500000 reads...
Analyzed 14000000 reads...
Analyzed 14500000 reads...
Analyzed 15000000 reads...
Analyzed 15500000 reads...
Analyzed 16000000 reads...
Analyzed 16500000 reads...
Analyzed 17000000 reads...
Analyzed 17500000 reads...
Analyzed 18000000 reads...
Analyzed 18500000 reads...
Analyzed 19000000 reads...

Counted 9590409 read pairs, 128 single reads

Processed 22568161 reads in total

Cleanup of temporary files

BAM file analysis finished
Creating plots
Writing HTML report...
HTML report created successfully

Running Qualimap on POR_R0_C3...
Java memory size is set to 8G
Launching application...

QualiMap v.2.2.1
Built on 2016-10-03 18:14

Selected tool: rnaseq
Initializing regions from /work/pi_hputnam_uri_edu/HI_Genomes/Pcompressa/Porites_compressa_HIv1.gtf...

Initialized 100000 regions...
Initialized 200000 regions...
Initialized 300000 regions...
Initialized 400000 regions...
Initialized 500000 regions...

Initialized 530756 regions it total

Starting constructing transcripts for RNA-seq stats...
Finished constructing transcripts

Starting BAM file analysis

Sorting BAM file by name...

Read 10000000 records.
Read 20000000 records.
Finished reading inputs, merging and writing to output now.
Sorting by name finished.
Analyzed 500000 reads...
Analyzed 1000000 reads...
Analyzed 1500000 reads...
Analyzed 2000000 reads...
Analyzed 2500000 reads...
Analyzed 3000000 reads...
Analyzed 3500000 reads...
Analyzed 4000000 reads...
Analyzed 4500000 reads...
Analyzed 5000000 reads...
Analyzed 5500000 reads...
Analyzed 6000000 reads...
Analyzed 6500000 reads...
Analyzed 7000000 reads...
Analyzed 7500000 reads...
Analyzed 8000000 reads...
Analyzed 8500000 reads...
Analyzed 9000000 reads...
Analyzed 9500000 reads...
Analyzed 10000000 reads...
Analyzed 10500000 reads...
Analyzed 11000000 reads...
Analyzed 11500000 reads...
Analyzed 12000000 reads...
Analyzed 12500000 reads...
Analyzed 13000000 reads...
Analyzed 13500000 reads...

Counted 6892760 read pairs, 74 single reads

Processed 15895753 reads in total

Cleanup of temporary files

BAM file analysis finished
Creating plots
Writing HTML report...
HTML report created successfully

Running Qualimap on POR_R3_C1...
Java memory size is set to 8G
Launching application...

QualiMap v.2.2.1
Built on 2016-10-03 18:14

Selected tool: rnaseq
Initializing regions from /work/pi_hputnam_uri_edu/HI_Genomes/Pcompressa/Porites_compressa_HIv1.gtf...

Initialized 100000 regions...
Initialized 200000 regions...
Initialized 300000 regions...
Initialized 400000 regions...
Initialized 500000 regions...

Initialized 530756 regions it total

Starting constructing transcripts for RNA-seq stats...
Finished constructing transcripts

Starting BAM file analysis

Sorting BAM file by name...

Read 10000000 records.
Finished reading inputs, merging and writing to output now.
Sorting by name finished.
Analyzed 500000 reads...
Analyzed 1000000 reads...
Analyzed 1500000 reads...
Analyzed 2000000 reads...
Analyzed 2500000 reads...
Analyzed 3000000 reads...
Analyzed 3500000 reads...
Analyzed 4000000 reads...
Analyzed 4500000 reads...
Analyzed 5000000 reads...
Analyzed 5500000 reads...
Analyzed 6000000 reads...
Analyzed 6500000 reads...
Analyzed 7000000 reads...
Analyzed 7500000 reads...
Analyzed 8000000 reads...
Analyzed 8500000 reads...
Analyzed 9000000 reads...
Analyzed 9500000 reads...
Analyzed 10000000 reads...
Analyzed 10500000 reads...
Analyzed 11000000 reads...
Analyzed 11500000 reads...

Counted 5773137 read pairs, 59 single reads

Processed 13067133 reads in total

Cleanup of temporary files

BAM file analysis finished
Creating plots
Writing HTML report...
HTML report created successfully

Running Qualimap on POR_R3_C2...
Java memory size is set to 8G
Launching application...

QualiMap v.2.2.1
Built on 2016-10-03 18:14

Selected tool: rnaseq
Initializing regions from /work/pi_hputnam_uri_edu/HI_Genomes/Pcompressa/Porites_compressa_HIv1.gtf...

Initialized 100000 regions...
Initialized 200000 regions...
Initialized 300000 regions...
Initialized 400000 regions...
Initialized 500000 regions...

Initialized 530756 regions it total

Starting constructing transcripts for RNA-seq stats...
Finished constructing transcripts

Starting BAM file analysis

Sorting BAM file by name...

Read 10000000 records.
Read 20000000 records.
Finished reading inputs, merging and writing to output now.
Sorting by name finished.
Analyzed 500000 reads...
Analyzed 1000000 reads...
Analyzed 1500000 reads...
Analyzed 2000000 reads...
Analyzed 2500000 reads...
Analyzed 3000000 reads...
Analyzed 3500000 reads...
Analyzed 4000000 reads...
Analyzed 4500000 reads...
Analyzed 5000000 reads...
Analyzed 5500000 reads...
Analyzed 6000000 reads...
Analyzed 6500000 reads...
Analyzed 7000000 reads...
Analyzed 7500000 reads...
Analyzed 8000000 reads...
Analyzed 8500000 reads...
Analyzed 9000000 reads...
Analyzed 9500000 reads...
Analyzed 10000000 reads...
Analyzed 10500000 reads...
Analyzed 11000000 reads...
Analyzed 11500000 reads...
Analyzed 12000000 reads...
Analyzed 12500000 reads...
Analyzed 13000000 reads...
Analyzed 13500000 reads...
Analyzed 14000000 reads...
Analyzed 14500000 reads...
Analyzed 15000000 reads...

Counted 7604238 read pairs, 105 single reads

Processed 18524887 reads in total

Cleanup of temporary files

BAM file analysis finished
Creating plots
Writing HTML report...
HTML report created successfully

Running Qualimap on POR_R3_C3...
Java memory size is set to 8G
Launching application...

QualiMap v.2.2.1
Built on 2016-10-03 18:14

Selected tool: rnaseq
Initializing regions from /work/pi_hputnam_uri_edu/HI_Genomes/Pcompressa/Porites_compressa_HIv1.gtf...

Initialized 100000 regions...
Initialized 200000 regions...
Initialized 300000 regions...
Initialized 400000 regions...
Initialized 500000 regions...

Initialized 530756 regions it total

Starting constructing transcripts for RNA-seq stats...
Finished constructing transcripts

Starting BAM file analysis

Sorting BAM file by name...

Finished reading inputs, merging and writing to output now.
Sorting by name finished.
Analyzed 500000 reads...
Analyzed 1000000 reads...
Analyzed 1500000 reads...
Analyzed 2000000 reads...
Analyzed 2500000 reads...
Analyzed 3000000 reads...
Analyzed 3500000 reads...
Analyzed 4000000 reads...
Analyzed 4500000 reads...
Analyzed 5000000 reads...

Counted 2699074 read pairs, 32 single reads

Processed 6120239 reads in total

Cleanup of temporary files

BAM file analysis finished
Creating plots
Writing HTML report...
HTML report created successfully

Running Qualimap on POR_R3_H1...
Java memory size is set to 8G
Launching application...

QualiMap v.2.2.1
Built on 2016-10-03 18:14

Selected tool: rnaseq
Initializing regions from /work/pi_hputnam_uri_edu/HI_Genomes/Pcompressa/Porites_compressa_HIv1.gtf...

Initialized 100000 regions...
Initialized 200000 regions...
Initialized 300000 regions...
Initialized 400000 regions...
Initialized 500000 regions...

Initialized 530756 regions it total

Starting constructing transcripts for RNA-seq stats...
Finished constructing transcripts

Starting BAM file analysis

Sorting BAM file by name...

Read 10000000 records.
Read 20000000 records.
Read 30000000 records.
Finished reading inputs, merging and writing to output now.
Sorting by name finished.
Analyzed 500000 reads...
Analyzed 1000000 reads...
Analyzed 1500000 reads...
Analyzed 2000000 reads...
Analyzed 2500000 reads...
Analyzed 3000000 reads...
Analyzed 3500000 reads...
Analyzed 4000000 reads...
Analyzed 4500000 reads...
Analyzed 5000000 reads...
Analyzed 5500000 reads...
Analyzed 6000000 reads...
Analyzed 6500000 reads...
Analyzed 7000000 reads...
Analyzed 7500000 reads...
Analyzed 8000000 reads...
Analyzed 8500000 reads...
Analyzed 9000000 reads...
Analyzed 9500000 reads...
Analyzed 10000000 reads...
Analyzed 10500000 reads...
Analyzed 11000000 reads...
Analyzed 11500000 reads...
Analyzed 12000000 reads...
Analyzed 12500000 reads...
Analyzed 13000000 reads...
Analyzed 13500000 reads...
Analyzed 14000000 reads...
Analyzed 14500000 reads...
Analyzed 15000000 reads...
Analyzed 15500000 reads...
Analyzed 16000000 reads...
Analyzed 16500000 reads...
Analyzed 17000000 reads...
Analyzed 17500000 reads...
Analyzed 18000000 reads...
Analyzed 18500000 reads...
Analyzed 19000000 reads...

Counted 9640447 read pairs, 134 single reads

Processed 22215256 reads in total

Cleanup of temporary files

BAM file analysis finished
Creating plots
Writing HTML report...
HTML report created successfully

Running Qualimap on POR_R3_H2...
Java memory size is set to 8G
Launching application...

QualiMap v.2.2.1
Built on 2016-10-03 18:14

Selected tool: rnaseq
Initializing regions from /work/pi_hputnam_uri_edu/HI_Genomes/Pcompressa/Porites_compressa_HIv1.gtf...

Initialized 100000 regions...
Initialized 200000 regions...
Initialized 300000 regions...
Initialized 400000 regions...
Initialized 500000 regions...

Initialized 530756 regions it total

Starting constructing transcripts for RNA-seq stats...
Finished constructing transcripts

Starting BAM file analysis

Sorting BAM file by name...

Read 10000000 records.
Read 20000000 records.
Read 30000000 records.
Finished reading inputs, merging and writing to output now.
Sorting by name finished.
Analyzed 500000 reads...
Analyzed 1000000 reads...
Analyzed 1500000 reads...
Analyzed 2000000 reads...
Analyzed 2500000 reads...
Analyzed 3000000 reads...
Analyzed 3500000 reads...
Analyzed 4000000 reads...
Analyzed 4500000 reads...
Analyzed 5000000 reads...
Analyzed 5500000 reads...
Analyzed 6000000 reads...
Analyzed 6500000 reads...
Analyzed 7000000 reads...
Analyzed 7500000 reads...
Analyzed 8000000 reads...
Analyzed 8500000 reads...
Analyzed 9000000 reads...
Analyzed 9500000 reads...
Analyzed 10000000 reads...
Analyzed 10500000 reads...
Analyzed 11000000 reads...
Analyzed 11500000 reads...
Analyzed 12000000 reads...
Analyzed 12500000 reads...
Analyzed 13000000 reads...
Analyzed 13500000 reads...
Analyzed 14000000 reads...
Analyzed 14500000 reads...
Analyzed 15000000 reads...
Analyzed 15500000 reads...
Analyzed 16000000 reads...
Analyzed 16500000 reads...
Analyzed 17000000 reads...
Analyzed 17500000 reads...
Analyzed 18000000 reads...
Analyzed 18500000 reads...
Analyzed 19000000 reads...
Analyzed 19500000 reads...
Analyzed 20000000 reads...
Analyzed 20500000 reads...
Analyzed 21000000 reads...

Counted 10596572 read pairs, 110 single reads

Processed 24245407 reads in total

Cleanup of temporary files

BAM file analysis finished
Creating plots
Writing HTML report...
HTML report created successfully

Running Qualimap on POR_R3_H3...
Java memory size is set to 8G
Launching application...

QualiMap v.2.2.1
Built on 2016-10-03 18:14

Selected tool: rnaseq
Initializing regions from /work/pi_hputnam_uri_edu/HI_Genomes/Pcompressa/Porites_compressa_HIv1.gtf...

Initialized 100000 regions...
Initialized 200000 regions...
Initialized 300000 regions...
Initialized 400000 regions...
Initialized 500000 regions...

Initialized 530756 regions it total

Starting constructing transcripts for RNA-seq stats...
Finished constructing transcripts

Starting BAM file analysis

Sorting BAM file by name...

Read 10000000 records.
Finished reading inputs, merging and writing to output now.
Sorting by name finished.
Analyzed 500000 reads...
Analyzed 1000000 reads...
Analyzed 1500000 reads...
Analyzed 2000000 reads...
Analyzed 2500000 reads...
Analyzed 3000000 reads...
Analyzed 3500000 reads...
Analyzed 4000000 reads...
Analyzed 4500000 reads...
Analyzed 5000000 reads...
Analyzed 5500000 reads...
Analyzed 6000000 reads...
Analyzed 6500000 reads...
Analyzed 7000000 reads...
Analyzed 7500000 reads...
Analyzed 8000000 reads...
Analyzed 8500000 reads...
Analyzed 9000000 reads...
Analyzed 9500000 reads...
Analyzed 10000000 reads...

Counted 5003559 read pairs, 65 single reads

Processed 11402628 reads in total

Cleanup of temporary files

BAM file analysis finished
Creating plots
Writing HTML report...
HTML report created successfully

Running Qualimap on POR_R72_C1...
Java memory size is set to 8G
Launching application...

QualiMap v.2.2.1
Built on 2016-10-03 18:14

Selected tool: rnaseq
Initializing regions from /work/pi_hputnam_uri_edu/HI_Genomes/Pcompressa/Porites_compressa_HIv1.gtf...

Initialized 100000 regions...
Initialized 200000 regions...
Initialized 300000 regions...
Initialized 400000 regions...
Initialized 500000 regions...

Initialized 530756 regions it total

Starting constructing transcripts for RNA-seq stats...
Finished constructing transcripts

Starting BAM file analysis

Sorting BAM file by name...

Finished reading inputs, merging and writing to output now.
Sorting by name finished.
Analyzed 500000 reads...
Analyzed 1000000 reads...
Analyzed 1500000 reads...
Analyzed 2000000 reads...
Analyzed 2500000 reads...
Analyzed 3000000 reads...
Analyzed 3500000 reads...
Analyzed 4000000 reads...
Analyzed 4500000 reads...
Analyzed 5000000 reads...
Analyzed 5500000 reads...
Analyzed 6000000 reads...
Analyzed 6500000 reads...

Counted 3271957 read pairs, 49 single reads

Processed 7831766 reads in total

Cleanup of temporary files

BAM file analysis finished
Creating plots
Writing HTML report...
HTML report created successfully

Running Qualimap on POR_R72_C2...
Java memory size is set to 8G
Launching application...

QualiMap v.2.2.1
Built on 2016-10-03 18:14

Selected tool: rnaseq
Initializing regions from /work/pi_hputnam_uri_edu/HI_Genomes/Pcompressa/Porites_compressa_HIv1.gtf...

Initialized 100000 regions...
Initialized 200000 regions...
Initialized 300000 regions...
Initialized 400000 regions...
Initialized 500000 regions...

Initialized 530756 regions it total

Starting constructing transcripts for RNA-seq stats...
Finished constructing transcripts

Starting BAM file analysis

Sorting BAM file by name...

Read 10000000 records.
Finished reading inputs, merging and writing to output now.
Sorting by name finished.
Analyzed 500000 reads...
Analyzed 1000000 reads...
Analyzed 1500000 reads...
Analyzed 2000000 reads...
Analyzed 2500000 reads...
Analyzed 3000000 reads...
Analyzed 3500000 reads...
Analyzed 4000000 reads...
Analyzed 4500000 reads...
Analyzed 5000000 reads...
Analyzed 5500000 reads...
Analyzed 6000000 reads...
Analyzed 6500000 reads...
Analyzed 7000000 reads...
Analyzed 7500000 reads...
Analyzed 8000000 reads...
Analyzed 8500000 reads...
Analyzed 9000000 reads...
Analyzed 9500000 reads...
Analyzed 10000000 reads...
Analyzed 10500000 reads...
Analyzed 11000000 reads...

Counted 5694326 read pairs, 75 single reads

Processed 12976896 reads in total

Cleanup of temporary files

BAM file analysis finished
Creating plots
Writing HTML report...
HTML report created successfully

Running Qualimap on POR_R72_C3...
Java memory size is set to 8G
Launching application...

QualiMap v.2.2.1
Built on 2016-10-03 18:14

Selected tool: rnaseq
Initializing regions from /work/pi_hputnam_uri_edu/HI_Genomes/Pcompressa/Porites_compressa_HIv1.gtf...

Initialized 100000 regions...
Initialized 200000 regions...
Initialized 300000 regions...
Initialized 400000 regions...
Initialized 500000 regions...

Initialized 530756 regions it total

Starting constructing transcripts for RNA-seq stats...
Finished constructing transcripts

Starting BAM file analysis

Sorting BAM file by name...

Read 10000000 records.
Finished reading inputs, merging and writing to output now.
Sorting by name finished.
Analyzed 500000 reads...
Analyzed 1000000 reads...
Analyzed 1500000 reads...
Analyzed 2000000 reads...
Analyzed 2500000 reads...
Analyzed 3000000 reads...
Analyzed 3500000 reads...
Analyzed 4000000 reads...
Analyzed 4500000 reads...
Analyzed 5000000 reads...
Analyzed 5500000 reads...
Analyzed 6000000 reads...
Analyzed 6500000 reads...
Analyzed 7000000 reads...

Counted 3568884 read pairs, 55 single reads

Processed 8212373 reads in total

Cleanup of temporary files

BAM file analysis finished
Creating plots
Writing HTML report...
HTML report created successfully

Running Qualimap on POR_R72_H1...
Java memory size is set to 8G
Launching application...

QualiMap v.2.2.1
Built on 2016-10-03 18:14

Selected tool: rnaseq
Initializing regions from /work/pi_hputnam_uri_edu/HI_Genomes/Pcompressa/Porites_compressa_HIv1.gtf...

Initialized 100000 regions...
Initialized 200000 regions...
Initialized 300000 regions...
Initialized 400000 regions...
Initialized 500000 regions...

Initialized 530756 regions it total

Starting constructing transcripts for RNA-seq stats...
Finished constructing transcripts

Starting BAM file analysis

Sorting BAM file by name...

Finished reading inputs, merging and writing to output now.
Sorting by name finished.
Analyzed 500000 reads...
Analyzed 1000000 reads...
Analyzed 1500000 reads...

Counted 972998 read pairs, 14 single reads

Processed 2371914 reads in total

Cleanup of temporary files

BAM file analysis finished
Creating plots
Writing HTML report...
HTML report created successfully

Running Qualimap on POR_R0_H1...
Java memory size is set to 8G
Launching application...

QualiMap v.2.2.1
Built on 2016-10-03 18:14

Selected tool: rnaseq
Initializing regions from /work/pi_hputnam_uri_edu/HI_Genomes/Pcompressa/Porites_compressa_HIv1.gtf...

Initialized 100000 regions...
Initialized 200000 regions...
Initialized 300000 regions...
Initialized 400000 regions...
Initialized 500000 regions...

Initialized 530756 regions it total

Starting constructing transcripts for RNA-seq stats...
Finished constructing transcripts

Starting BAM file analysis

Sorting BAM file by name...

Finished reading inputs, merging and writing to output now.
Sorting by name finished.
Analyzed 500000 reads...
Analyzed 1000000 reads...
Analyzed 1500000 reads...
Analyzed 2000000 reads...
Analyzed 2500000 reads...
Analyzed 3000000 reads...
Analyzed 3500000 reads...
Analyzed 4000000 reads...
Analyzed 4500000 reads...
Analyzed 5000000 reads...

Counted 2701648 read pairs, 31 single reads

Processed 6153379 reads in total

Cleanup of temporary files

BAM file analysis finished
Creating plots
Writing HTML report...
HTML report created successfully

Running Qualimap on POR_R72_H2...
Java memory size is set to 8G
Launching application...

QualiMap v.2.2.1
Built on 2016-10-03 18:14

Selected tool: rnaseq
Initializing regions from /work/pi_hputnam_uri_edu/HI_Genomes/Pcompressa/Porites_compressa_HIv1.gtf...

Initialized 100000 regions...
Initialized 200000 regions...
Initialized 300000 regions...
Initialized 400000 regions...
Initialized 500000 regions...

Initialized 530756 regions it total

Starting constructing transcripts for RNA-seq stats...
Finished constructing transcripts

Starting BAM file analysis

Sorting BAM file by name...

Finished reading inputs, merging and writing to output now.
Sorting by name finished.
Analyzed 500000 reads...
Analyzed 1000000 reads...
Analyzed 1500000 reads...
Analyzed 2000000 reads...
Analyzed 2500000 reads...

Counted 1310573 read pairs, 10 single reads

Processed 3423464 reads in total

Cleanup of temporary files

BAM file analysis finished
Creating plots
Writing HTML report...
HTML report created successfully

Running Qualimap on POR_R72_H3...
Java memory size is set to 8G
Launching application...

QualiMap v.2.2.1
Built on 2016-10-03 18:14

Selected tool: rnaseq
Initializing regions from /work/pi_hputnam_uri_edu/HI_Genomes/Pcompressa/Porites_compressa_HIv1.gtf...

Initialized 100000 regions...
Initialized 200000 regions...
Initialized 300000 regions...
Initialized 400000 regions...
Initialized 500000 regions...

Initialized 530756 regions it total

Starting constructing transcripts for RNA-seq stats...
Finished constructing transcripts

Starting BAM file analysis

Sorting BAM file by name...

Read 10000000 records.
Read 20000000 records.
Finished reading inputs, merging and writing to output now.
Sorting by name finished.
Analyzed 500000 reads...
Analyzed 1000000 reads...
Analyzed 1500000 reads...
Analyzed 2000000 reads...
Analyzed 2500000 reads...
Analyzed 3000000 reads...
Analyzed 3500000 reads...
Analyzed 4000000 reads...
Analyzed 4500000 reads...
Analyzed 5000000 reads...
Analyzed 5500000 reads...
Analyzed 6000000 reads...
Analyzed 6500000 reads...
Analyzed 7000000 reads...
Analyzed 7500000 reads...
Analyzed 8000000 reads...
Analyzed 8500000 reads...
Analyzed 9000000 reads...
Analyzed 9500000 reads...
Analyzed 10000000 reads...
Analyzed 10500000 reads...
Analyzed 11000000 reads...
Analyzed 11500000 reads...
Analyzed 12000000 reads...
Analyzed 12500000 reads...
Analyzed 13000000 reads...
Analyzed 13500000 reads...
Analyzed 14000000 reads...
Analyzed 14500000 reads...
Analyzed 15000000 reads...
Analyzed 15500000 reads...

Counted 7860278 read pairs, 92 single reads

Processed 18713645 reads in total

Cleanup of temporary files

BAM file analysis finished
Creating plots
Writing HTML report...
HTML report created successfully

Running Qualimap on POR_R0_H2...
Java memory size is set to 8G
Launching application...

QualiMap v.2.2.1
Built on 2016-10-03 18:14

Selected tool: rnaseq
Initializing regions from /work/pi_hputnam_uri_edu/HI_Genomes/Pcompressa/Porites_compressa_HIv1.gtf...

Initialized 100000 regions...
Initialized 200000 regions...
Initialized 300000 regions...
Initialized 400000 regions...
Initialized 500000 regions...

Initialized 530756 regions it total

Starting constructing transcripts for RNA-seq stats...
Finished constructing transcripts

Starting BAM file analysis

Sorting BAM file by name...

Read 10000000 records.
Finished reading inputs, merging and writing to output now.
Sorting by name finished.
Analyzed 500000 reads...
Analyzed 1000000 reads...
Analyzed 1500000 reads...
Analyzed 2000000 reads...
Analyzed 2500000 reads...
Analyzed 3000000 reads...
Analyzed 3500000 reads...
Analyzed 4000000 reads...
Analyzed 4500000 reads...
Analyzed 5000000 reads...
Analyzed 5500000 reads...
Analyzed 6000000 reads...
Analyzed 6500000 reads...
Analyzed 7000000 reads...

Counted 3500962 read pairs, 28 single reads

Processed 7954920 reads in total

Cleanup of temporary files

BAM file analysis finished
Creating plots
Writing HTML report...
HTML report created successfully

Running Qualimap on POR_R0_H3...
Java memory size is set to 8G
Launching application...

QualiMap v.2.2.1
Built on 2016-10-03 18:14

Selected tool: rnaseq
Initializing regions from /work/pi_hputnam_uri_edu/HI_Genomes/Pcompressa/Porites_compressa_HIv1.gtf...

Initialized 100000 regions...
Initialized 200000 regions...
Initialized 300000 regions...
Initialized 400000 regions...
Initialized 500000 regions...

Initialized 530756 regions it total

Starting constructing transcripts for RNA-seq stats...
Finished constructing transcripts

Starting BAM file analysis

Sorting BAM file by name...

Read 10000000 records.
Finished reading inputs, merging and writing to output now.
Sorting by name finished.
Analyzed 500000 reads...
Analyzed 1000000 reads...
Analyzed 1500000 reads...
Analyzed 2000000 reads...
Analyzed 2500000 reads...
Analyzed 3000000 reads...
Analyzed 3500000 reads...
Analyzed 4000000 reads...
Analyzed 4500000 reads...
Analyzed 5000000 reads...
Analyzed 5500000 reads...
Analyzed 6000000 reads...
Analyzed 6500000 reads...
Analyzed 7000000 reads...
Analyzed 7500000 reads...
Analyzed 8000000 reads...
Analyzed 8500000 reads...

Counted 4411935 read pairs, 55 single reads

Processed 10130128 reads in total

Cleanup of temporary files

BAM file analysis finished
Creating plots
Writing HTML report...
HTML report created successfully

Running Qualimap on POR_R120_C1...
Java memory size is set to 8G
Launching application...

QualiMap v.2.2.1
Built on 2016-10-03 18:14

Selected tool: rnaseq
Initializing regions from /work/pi_hputnam_uri_edu/HI_Genomes/Pcompressa/Porites_compressa_HIv1.gtf...

Initialized 100000 regions...
Initialized 200000 regions...
Initialized 300000 regions...
Initialized 400000 regions...
Initialized 500000 regions...

Initialized 530756 regions it total

Starting constructing transcripts for RNA-seq stats...
Finished constructing transcripts

Starting BAM file analysis

Sorting BAM file by name...

Read 10000000 records.
Finished reading inputs, merging and writing to output now.
Sorting by name finished.
Analyzed 500000 reads...
Analyzed 1000000 reads...
Analyzed 1500000 reads...
Analyzed 2000000 reads...
Analyzed 2500000 reads...
Analyzed 3000000 reads...
Analyzed 3500000 reads...
Analyzed 4000000 reads...
Analyzed 4500000 reads...
Analyzed 5000000 reads...
Analyzed 5500000 reads...
Analyzed 6000000 reads...
Analyzed 6500000 reads...
Analyzed 7000000 reads...
Analyzed 7500000 reads...
Analyzed 8000000 reads...

Counted 4059517 read pairs, 54 single reads

Processed 9678984 reads in total

Cleanup of temporary files

BAM file analysis finished
Creating plots
Writing HTML report...
HTML report created successfully

Running Qualimap on POR_R120_C2...
Java memory size is set to 8G
Launching application...

QualiMap v.2.2.1
Built on 2016-10-03 18:14

Selected tool: rnaseq
Initializing regions from /work/pi_hputnam_uri_edu/HI_Genomes/Pcompressa/Porites_compressa_HIv1.gtf...

Initialized 100000 regions...
Initialized 200000 regions...
Initialized 300000 regions...
Initialized 400000 regions...
Initialized 500000 regions...

Initialized 530756 regions it total

Starting constructing transcripts for RNA-seq stats...
Finished constructing transcripts

Starting BAM file analysis

Sorting BAM file by name...

Read 10000000 records.
Read 20000000 records.
Finished reading inputs, merging and writing to output now.
Sorting by name finished.
Analyzed 500000 reads...
Analyzed 1000000 reads...
Analyzed 1500000 reads...
Analyzed 2000000 reads...
Analyzed 2500000 reads...
Analyzed 3000000 reads...
Analyzed 3500000 reads...
Analyzed 4000000 reads...
Analyzed 4500000 reads...
Analyzed 5000000 reads...
Analyzed 5500000 reads...
Analyzed 6000000 reads...
Analyzed 6500000 reads...
Analyzed 7000000 reads...
Analyzed 7500000 reads...
Analyzed 8000000 reads...
Analyzed 8500000 reads...
Analyzed 9000000 reads...
Analyzed 9500000 reads...
Analyzed 10000000 reads...
Analyzed 10500000 reads...
Analyzed 11000000 reads...
Analyzed 11500000 reads...
Analyzed 12000000 reads...
Analyzed 12500000 reads...
Analyzed 13000000 reads...
Analyzed 13500000 reads...
Analyzed 14000000 reads...

Counted 7174387 read pairs, 88 single reads

Processed 16322667 reads in total

Cleanup of temporary files

BAM file analysis finished
Creating plots
Writing HTML report...
HTML report created successfully

Running Qualimap on POR_R120_C3...
Java memory size is set to 8G
Launching application...

QualiMap v.2.2.1
Built on 2016-10-03 18:14

Selected tool: rnaseq
Initializing regions from /work/pi_hputnam_uri_edu/HI_Genomes/Pcompressa/Porites_compressa_HIv1.gtf...

Initialized 100000 regions...
Initialized 200000 regions...
Initialized 300000 regions...
Initialized 400000 regions...
Initialized 500000 regions...

Initialized 530756 regions it total

Starting constructing transcripts for RNA-seq stats...
Finished constructing transcripts

Starting BAM file analysis

Sorting BAM file by name...

Finished reading inputs, merging and writing to output now.
Sorting by name finished.
Analyzed 500000 reads...
Analyzed 1000000 reads...
Analyzed 1500000 reads...
Analyzed 2000000 reads...
Analyzed 2500000 reads...
Analyzed 3000000 reads...

Counted 1608226 read pairs, 13 single reads

Processed 3698784 reads in total

Cleanup of temporary files

BAM file analysis finished
Creating plots
Writing HTML report...
HTML report created successfully

Running Qualimap on POR_R120_H1...
Java memory size is set to 8G
Launching application...

QualiMap v.2.2.1
Built on 2016-10-03 18:14

Selected tool: rnaseq
Initializing regions from /work/pi_hputnam_uri_edu/HI_Genomes/Pcompressa/Porites_compressa_HIv1.gtf...

Initialized 100000 regions...
Initialized 200000 regions...
Initialized 300000 regions...
Initialized 400000 regions...
Initialized 500000 regions...

Initialized 530756 regions it total

Starting constructing transcripts for RNA-seq stats...
Finished constructing transcripts

Starting BAM file analysis

Sorting BAM file by name...

Read 10000000 records.
Read 20000000 records.
Read 30000000 records.
Read 40000000 records.
Read 50000000 records.
Read 60000000 records.
Finished reading inputs, merging and writing to output now.
Sorting by name finished.
Analyzed 500000 reads...
Analyzed 1000000 reads...
Analyzed 1500000 reads...
Analyzed 2000000 reads...
Analyzed 2500000 reads...
Analyzed 3000000 reads...
Analyzed 3500000 reads...
Analyzed 4000000 reads...
Analyzed 4500000 reads...
Analyzed 5000000 reads...
Analyzed 5500000 reads...
Analyzed 6000000 reads...
Analyzed 6500000 reads...
Analyzed 7000000 reads...
Analyzed 7500000 reads...
Analyzed 8000000 reads...
Analyzed 8500000 reads...
Analyzed 9000000 reads...
Analyzed 9500000 reads...
Analyzed 10000000 reads...
Analyzed 10500000 reads...
Analyzed 11000000 reads...
Analyzed 11500000 reads...
Analyzed 12000000 reads...
Analyzed 12500000 reads...
Analyzed 13000000 reads...
Analyzed 13500000 reads...
Analyzed 14000000 reads...
Analyzed 14500000 reads...
Analyzed 15000000 reads...
Analyzed 15500000 reads...
Analyzed 16000000 reads...
Analyzed 16500000 reads...
Analyzed 17000000 reads...
Analyzed 17500000 reads...
Analyzed 18000000 reads...
Analyzed 18500000 reads...
Analyzed 19000000 reads...
Analyzed 19500000 reads...
Analyzed 20000000 reads...
Analyzed 20500000 reads...
Analyzed 21000000 reads...
Analyzed 21500000 reads...
Analyzed 22000000 reads...
Analyzed 22500000 reads...
Analyzed 23000000 reads...
Analyzed 23500000 reads...
Analyzed 24000000 reads...
Analyzed 24500000 reads...
Analyzed 25000000 reads...
Analyzed 25500000 reads...
Analyzed 26000000 reads...
Analyzed 26500000 reads...
Analyzed 27000000 reads...
Analyzed 27500000 reads...
Analyzed 28000000 reads...
Analyzed 28500000 reads...
Analyzed 29000000 reads...
Analyzed 29500000 reads...
Analyzed 30000000 reads...
Analyzed 30500000 reads...
Analyzed 31000000 reads...
Analyzed 31500000 reads...
Analyzed 32000000 reads...
Analyzed 32500000 reads...
Analyzed 33000000 reads...
Analyzed 33500000 reads...
Analyzed 34000000 reads...
Analyzed 34500000 reads...

Counted 17401454 read pairs, 249 single reads

Processed 41571144 reads in total

Cleanup of temporary files

BAM file analysis finished
Creating plots
Writing HTML report...
HTML report created successfully

