11_bbduk_rRNA_SILVAall.sh.output
Processing MON_R0_C1...
R1: /scratch4/workspace/zdellaert_uri_edu-shared_TimeSeries/TimeSeries/trimmed/combined_files/MON_R0_C1_R1_trim.fastq.gz
R2: /scratch4/workspace/zdellaert_uri_edu-shared_TimeSeries/TimeSeries/trimmed/combined_files/MON_R0_C1_R2_trim.fastq.gz
Completed MON_R0_C1
Processing MON_R0_C2...
R1: /scratch4/workspace/zdellaert_uri_edu-shared_TimeSeries/TimeSeries/trimmed/combined_files/MON_R0_C2_R1_trim.fastq.gz
R2: /scratch4/workspace/zdellaert_uri_edu-shared_TimeSeries/TimeSeries/trimmed/combined_files/MON_R0_C2_R2_trim.fastq.gz
Completed MON_R0_C2
Processing MON_R120_H2...
R1: /scratch4/workspace/zdellaert_uri_edu-shared_TimeSeries/TimeSeries/trimmed/combined_files/MON_R120_H2_R1_trim.fastq.gz
R2: /scratch4/workspace/zdellaert_uri_edu-shared_TimeSeries/TimeSeries/trimmed/combined_files/MON_R120_H2_R2_trim.fastq.gz
Completed MON_R120_H2
Processing POR_R12_H2...
R1: /scratch4/workspace/zdellaert_uri_edu-shared_TimeSeries/TimeSeries/trimmed/combined_files/POR_R12_H2_R1_trim.fastq.gz
R2: /scratch4/workspace/zdellaert_uri_edu-shared_TimeSeries/TimeSeries/trimmed/combined_files/POR_R12_H2_R2_trim.fastq.gz
Completed POR_R12_H2
Processing POR_R12_H3...
R1: /scratch4/workspace/zdellaert_uri_edu-shared_TimeSeries/TimeSeries/trimmed/combined_files/POR_R12_H3_R1_trim.fastq.gz
R2: /scratch4/workspace/zdellaert_uri_edu-shared_TimeSeries/TimeSeries/trimmed/combined_files/POR_R12_H3_R2_trim.fastq.gz
Completed POR_R12_H3
Processing POR_R1_C1...
R1: /scratch4/workspace/zdellaert_uri_edu-shared_TimeSeries/TimeSeries/trimmed/combined_files/POR_R1_C1_R1_trim.fastq.gz
R2: /scratch4/workspace/zdellaert_uri_edu-shared_TimeSeries/TimeSeries/trimmed/combined_files/POR_R1_C1_R2_trim.fastq.gz
Completed POR_R1_C1
Processing POR_R1_C2...
R1: /scratch4/workspace/zdellaert_uri_edu-shared_TimeSeries/TimeSeries/trimmed/combined_files/POR_R1_C2_R1_trim.fastq.gz
R2: /scratch4/workspace/zdellaert_uri_edu-shared_TimeSeries/TimeSeries/trimmed/combined_files/POR_R1_C2_R2_trim.fastq.gz
Completed POR_R1_C2
Processing POR_R1_C3...
R1: /scratch4/workspace/zdellaert_uri_edu-shared_TimeSeries/TimeSeries/trimmed/combined_files/POR_R1_C3_R1_trim.fastq.gz
R2: /scratch4/workspace/zdellaert_uri_edu-shared_TimeSeries/TimeSeries/trimmed/combined_files/POR_R1_C3_R2_trim.fastq.gz
Completed POR_R1_C3
Processing POR_R1_H1...
R1: /scratch4/workspace/zdellaert_uri_edu-shared_TimeSeries/TimeSeries/trimmed/combined_files/POR_R1_H1_R1_trim.fastq.gz
R2: /scratch4/workspace/zdellaert_uri_edu-shared_TimeSeries/TimeSeries/trimmed/combined_files/POR_R1_H1_R2_trim.fastq.gz
Completed POR_R1_H1
Processing POR_R1_H2...
R1: /scratch4/workspace/zdellaert_uri_edu-shared_TimeSeries/TimeSeries/trimmed/combined_files/POR_R1_H2_R1_trim.fastq.gz
R2: /scratch4/workspace/zdellaert_uri_edu-shared_TimeSeries/TimeSeries/trimmed/combined_files/POR_R1_H2_R2_trim.fastq.gz
Completed POR_R1_H2
Processing POR_R1_H3...
R1: /scratch4/workspace/zdellaert_uri_edu-shared_TimeSeries/TimeSeries/trimmed/combined_files/POR_R1_H3_R1_trim.fastq.gz
R2: /scratch4/workspace/zdellaert_uri_edu-shared_TimeSeries/TimeSeries/trimmed/combined_files/POR_R1_H3_R2_trim.fastq.gz
Completed POR_R1_H3
Processing POR_R24_C1...
R1: /scratch4/workspace/zdellaert_uri_edu-shared_TimeSeries/TimeSeries/trimmed/combined_files/POR_R24_C1_R1_trim.fastq.gz
R2: /scratch4/workspace/zdellaert_uri_edu-shared_TimeSeries/TimeSeries/trimmed/combined_files/POR_R24_C1_R2_trim.fastq.gz
Completed POR_R24_C1
Processing POR_R24_C2...
R1: /scratch4/workspace/zdellaert_uri_edu-shared_TimeSeries/TimeSeries/trimmed/combined_files/POR_R24_C2_R1_trim.fastq.gz
R2: /scratch4/workspace/zdellaert_uri_edu-shared_TimeSeries/TimeSeries/trimmed/combined_files/POR_R24_C2_R2_trim.fastq.gz
Completed POR_R24_C2
Processing MON_R120_H3...
R1: /scratch4/workspace/zdellaert_uri_edu-shared_TimeSeries/TimeSeries/trimmed/combined_files/MON_R120_H3_R1_trim.fastq.gz
R2: /scratch4/workspace/zdellaert_uri_edu-shared_TimeSeries/TimeSeries/trimmed/combined_files/MON_R120_H3_R2_trim.fastq.gz
Completed MON_R120_H3
Processing POR_R24_C3...
R1: /scratch4/workspace/zdellaert_uri_edu-shared_TimeSeries/TimeSeries/trimmed/combined_files/POR_R24_C3_R1_trim.fastq.gz
R2: /scratch4/workspace/zdellaert_uri_edu-shared_TimeSeries/TimeSeries/trimmed/combined_files/POR_R24_C3_R2_trim.fastq.gz
Completed POR_R24_C3
Processing POR_R24_H1...
R1: /scratch4/workspace/zdellaert_uri_edu-shared_TimeSeries/TimeSeries/trimmed/combined_files/POR_R24_H1_R1_trim.fastq.gz
R2: /scratch4/workspace/zdellaert_uri_edu-shared_TimeSeries/TimeSeries/trimmed/combined_files/POR_R24_H1_R2_trim.fastq.gz
Completed POR_R24_H1
Processing POR_R24_H2...
R1: /scratch4/workspace/zdellaert_uri_edu-shared_TimeSeries/TimeSeries/trimmed/combined_files/POR_R24_H2_R1_trim.fastq.gz
R2: /scratch4/workspace/zdellaert_uri_edu-shared_TimeSeries/TimeSeries/trimmed/combined_files/POR_R24_H2_R2_trim.fastq.gz
Completed POR_R24_H2
Processing POR_R24_H3...
R1: /scratch4/workspace/zdellaert_uri_edu-shared_TimeSeries/TimeSeries/trimmed/combined_files/POR_R24_H3_R1_trim.fastq.gz
R2: /scratch4/workspace/zdellaert_uri_edu-shared_TimeSeries/TimeSeries/trimmed/combined_files/POR_R24_H3_R2_trim.fastq.gz
Completed POR_R24_H3
Processing POR_R3_C1...
R1: /scratch4/workspace/zdellaert_uri_edu-shared_TimeSeries/TimeSeries/trimmed/combined_files/POR_R3_C1_R1_trim.fastq.gz
R2: /scratch4/workspace/zdellaert_uri_edu-shared_TimeSeries/TimeSeries/trimmed/combined_files/POR_R3_C1_R2_trim.fastq.gz
Completed POR_R3_C1
Processing POR_R3_C2...
R1: /scratch4/workspace/zdellaert_uri_edu-shared_TimeSeries/TimeSeries/trimmed/combined_files/POR_R3_C2_R1_trim.fastq.gz
R2: /scratch4/workspace/zdellaert_uri_edu-shared_TimeSeries/TimeSeries/trimmed/combined_files/POR_R3_C2_R2_trim.fastq.gz
Completed POR_R3_C2
Processing POR_R3_C3...
R1: /scratch4/workspace/zdellaert_uri_edu-shared_TimeSeries/TimeSeries/trimmed/combined_files/POR_R3_C3_R1_trim.fastq.gz
R2: /scratch4/workspace/zdellaert_uri_edu-shared_TimeSeries/TimeSeries/trimmed/combined_files/POR_R3_C3_R2_trim.fastq.gz
Completed POR_R3_C3
Processing POR_R3_H1...
R1: /scratch4/workspace/zdellaert_uri_edu-shared_TimeSeries/TimeSeries/trimmed/combined_files/POR_R3_H1_R1_trim.fastq.gz
R2: /scratch4/workspace/zdellaert_uri_edu-shared_TimeSeries/TimeSeries/trimmed/combined_files/POR_R3_H1_R2_trim.fastq.gz
Completed POR_R3_H1
Processing POR_R3_H2...
R1: /scratch4/workspace/zdellaert_uri_edu-shared_TimeSeries/TimeSeries/trimmed/combined_files/POR_R3_H2_R1_trim.fastq.gz
R2: /scratch4/workspace/zdellaert_uri_edu-shared_TimeSeries/TimeSeries/trimmed/combined_files/POR_R3_H2_R2_trim.fastq.gz
Completed POR_R3_H2
Processing POR_R3_H3...
R1: /scratch4/workspace/zdellaert_uri_edu-shared_TimeSeries/TimeSeries/trimmed/combined_files/POR_R3_H3_R1_trim.fastq.gz
R2: /scratch4/workspace/zdellaert_uri_edu-shared_TimeSeries/TimeSeries/trimmed/combined_files/POR_R3_H3_R2_trim.fastq.gz
Completed POR_R3_H3
Processing MON_R12_C1...
R1: /scratch4/workspace/zdellaert_uri_edu-shared_TimeSeries/TimeSeries/trimmed/combined_files/MON_R12_C1_R1_trim.fastq.gz
R2: /scratch4/workspace/zdellaert_uri_edu-shared_TimeSeries/TimeSeries/trimmed/combined_files/MON_R12_C1_R2_trim.fastq.gz
Completed MON_R12_C1
Processing POR_R72_C1...
R1: /scratch4/workspace/zdellaert_uri_edu-shared_TimeSeries/TimeSeries/trimmed/combined_files/POR_R72_C1_R1_trim.fastq.gz
R2: /scratch4/workspace/zdellaert_uri_edu-shared_TimeSeries/TimeSeries/trimmed/combined_files/POR_R72_C1_R2_trim.fastq.gz
Completed POR_R72_C1
Processing POR_R72_C2...
R1: /scratch4/workspace/zdellaert_uri_edu-shared_TimeSeries/TimeSeries/trimmed/combined_files/POR_R72_C2_R1_trim.fastq.gz
R2: /scratch4/workspace/zdellaert_uri_edu-shared_TimeSeries/TimeSeries/trimmed/combined_files/POR_R72_C2_R2_trim.fastq.gz
Completed POR_R72_C2
Processing POR_R72_C3...
R1: /scratch4/workspace/zdellaert_uri_edu-shared_TimeSeries/TimeSeries/trimmed/combined_files/POR_R72_C3_R1_trim.fastq.gz
R2: /scratch4/workspace/zdellaert_uri_edu-shared_TimeSeries/TimeSeries/trimmed/combined_files/POR_R72_C3_R2_trim.fastq.gz
Completed POR_R72_C3
Processing POR_R72_H1...
R1: /scratch4/workspace/zdellaert_uri_edu-shared_TimeSeries/TimeSeries/trimmed/combined_files/POR_R72_H1_R1_trim.fastq.gz
R2: /scratch4/workspace/zdellaert_uri_edu-shared_TimeSeries/TimeSeries/trimmed/combined_files/POR_R72_H1_R2_trim.fastq.gz
Completed POR_R72_H1
Processing POR_R72_H2...
R1: /scratch4/workspace/zdellaert_uri_edu-shared_TimeSeries/TimeSeries/trimmed/combined_files/POR_R72_H2_R1_trim.fastq.gz
R2: /scratch4/workspace/zdellaert_uri_edu-shared_TimeSeries/TimeSeries/trimmed/combined_files/POR_R72_H2_R2_trim.fastq.gz
Completed POR_R72_H2
Processing POR_R72_H3...
R1: /scratch4/workspace/zdellaert_uri_edu-shared_TimeSeries/TimeSeries/trimmed/combined_files/POR_R72_H3_R1_trim.fastq.gz
R2: /scratch4/workspace/zdellaert_uri_edu-shared_TimeSeries/TimeSeries/trimmed/combined_files/POR_R72_H3_R2_trim.fastq.gz
Completed POR_R72_H3
Processing MON_R12_C2...
R1: /scratch4/workspace/zdellaert_uri_edu-shared_TimeSeries/TimeSeries/trimmed/combined_files/MON_R12_C2_R1_trim.fastq.gz
R2: /scratch4/workspace/zdellaert_uri_edu-shared_TimeSeries/TimeSeries/trimmed/combined_files/MON_R12_C2_R2_trim.fastq.gz
Completed MON_R12_C2
Processing MON_R12_C3...
R1: /scratch4/workspace/zdellaert_uri_edu-shared_TimeSeries/TimeSeries/trimmed/combined_files/MON_R12_C3_R1_trim.fastq.gz
R2: /scratch4/workspace/zdellaert_uri_edu-shared_TimeSeries/TimeSeries/trimmed/combined_files/MON_R12_C3_R2_trim.fastq.gz
Completed MON_R12_C3
Processing MON_R12_H1...
R1: /scratch4/workspace/zdellaert_uri_edu-shared_TimeSeries/TimeSeries/trimmed/combined_files/MON_R12_H1_R1_trim.fastq.gz
R2: /scratch4/workspace/zdellaert_uri_edu-shared_TimeSeries/TimeSeries/trimmed/combined_files/MON_R12_H1_R2_trim.fastq.gz
Completed MON_R12_H1
Processing MON_R12_H2...
R1: /scratch4/workspace/zdellaert_uri_edu-shared_TimeSeries/TimeSeries/trimmed/combined_files/MON_R12_H2_R1_trim.fastq.gz
R2: /scratch4/workspace/zdellaert_uri_edu-shared_TimeSeries/TimeSeries/trimmed/combined_files/MON_R12_H2_R2_trim.fastq.gz
Completed MON_R12_H2
Processing MON_R12_H3...
R1: /scratch4/workspace/zdellaert_uri_edu-shared_TimeSeries/TimeSeries/trimmed/combined_files/MON_R12_H3_R1_trim.fastq.gz
R2: /scratch4/workspace/zdellaert_uri_edu-shared_TimeSeries/TimeSeries/trimmed/combined_files/MON_R12_H3_R2_trim.fastq.gz
Completed MON_R12_H3
Processing MON_R1_C1...
R1: /scratch4/workspace/zdellaert_uri_edu-shared_TimeSeries/TimeSeries/trimmed/combined_files/MON_R1_C1_R1_trim.fastq.gz
R2: /scratch4/workspace/zdellaert_uri_edu-shared_TimeSeries/TimeSeries/trimmed/combined_files/MON_R1_C1_R2_trim.fastq.gz
Completed MON_R1_C1
Processing MON_R1_C2...
R1: /scratch4/workspace/zdellaert_uri_edu-shared_TimeSeries/TimeSeries/trimmed/combined_files/MON_R1_C2_R1_trim.fastq.gz
R2: /scratch4/workspace/zdellaert_uri_edu-shared_TimeSeries/TimeSeries/trimmed/combined_files/MON_R1_C2_R2_trim.fastq.gz
Completed MON_R1_C2
Processing MON_R0_C3...
R1: /scratch4/workspace/zdellaert_uri_edu-shared_TimeSeries/TimeSeries/trimmed/combined_files/MON_R0_C3_R1_trim.fastq.gz
R2: /scratch4/workspace/zdellaert_uri_edu-shared_TimeSeries/TimeSeries/trimmed/combined_files/MON_R0_C3_R2_trim.fastq.gz
Completed MON_R0_C3
Processing MON_R1_C3...
R1: /scratch4/workspace/zdellaert_uri_edu-shared_TimeSeries/TimeSeries/trimmed/combined_files/MON_R1_C3_R1_trim.fastq.gz
R2: /scratch4/workspace/zdellaert_uri_edu-shared_TimeSeries/TimeSeries/trimmed/combined_files/MON_R1_C3_R2_trim.fastq.gz
Completed MON_R1_C3
Processing MON_R1_H1...
R1: /scratch4/workspace/zdellaert_uri_edu-shared_TimeSeries/TimeSeries/trimmed/combined_files/MON_R1_H1_R1_trim.fastq.gz
R2: /scratch4/workspace/zdellaert_uri_edu-shared_TimeSeries/TimeSeries/trimmed/combined_files/MON_R1_H1_R2_trim.fastq.gz
Completed MON_R1_H1
Processing MON_R1_H2...
R1: /scratch4/workspace/zdellaert_uri_edu-shared_TimeSeries/TimeSeries/trimmed/combined_files/MON_R1_H2_R1_trim.fastq.gz
R2: /scratch4/workspace/zdellaert_uri_edu-shared_TimeSeries/TimeSeries/trimmed/combined_files/MON_R1_H2_R2_trim.fastq.gz
Completed MON_R1_H2
Processing MON_R1_H3...
R1: /scratch4/workspace/zdellaert_uri_edu-shared_TimeSeries/TimeSeries/trimmed/combined_files/MON_R1_H3_R1_trim.fastq.gz
R2: /scratch4/workspace/zdellaert_uri_edu-shared_TimeSeries/TimeSeries/trimmed/combined_files/MON_R1_H3_R2_trim.fastq.gz
Completed MON_R1_H3
Processing MON_R24_C1...
R1: /scratch4/workspace/zdellaert_uri_edu-shared_TimeSeries/TimeSeries/trimmed/combined_files/MON_R24_C1_R1_trim.fastq.gz
R2: /scratch4/workspace/zdellaert_uri_edu-shared_TimeSeries/TimeSeries/trimmed/combined_files/MON_R24_C1_R2_trim.fastq.gz
Completed MON_R24_C1
Processing MON_R24_C2...
R1: /scratch4/workspace/zdellaert_uri_edu-shared_TimeSeries/TimeSeries/trimmed/combined_files/MON_R24_C2_R1_trim.fastq.gz
R2: /scratch4/workspace/zdellaert_uri_edu-shared_TimeSeries/TimeSeries/trimmed/combined_files/MON_R24_C2_R2_trim.fastq.gz
Completed MON_R24_C2
Processing MON_R24_C3...
R1: /scratch4/workspace/zdellaert_uri_edu-shared_TimeSeries/TimeSeries/trimmed/combined_files/MON_R24_C3_R1_trim.fastq.gz
R2: /scratch4/workspace/zdellaert_uri_edu-shared_TimeSeries/TimeSeries/trimmed/combined_files/MON_R24_C3_R2_trim.fastq.gz
Completed MON_R24_C3
Processing MON_R24_H1...
R1: /scratch4/workspace/zdellaert_uri_edu-shared_TimeSeries/TimeSeries/trimmed/combined_files/MON_R24_H1_R1_trim.fastq.gz
R2: /scratch4/workspace/zdellaert_uri_edu-shared_TimeSeries/TimeSeries/trimmed/combined_files/MON_R24_H1_R2_trim.fastq.gz
Completed MON_R24_H1
Processing MON_R24_H2...
R1: /scratch4/workspace/zdellaert_uri_edu-shared_TimeSeries/TimeSeries/trimmed/combined_files/MON_R24_H2_R1_trim.fastq.gz
R2: /scratch4/workspace/zdellaert_uri_edu-shared_TimeSeries/TimeSeries/trimmed/combined_files/MON_R24_H2_R2_trim.fastq.gz
Completed MON_R24_H2
Processing MON_R24_H3...
R1: /scratch4/workspace/zdellaert_uri_edu-shared_TimeSeries/TimeSeries/trimmed/combined_files/MON_R24_H3_R1_trim.fastq.gz
R2: /scratch4/workspace/zdellaert_uri_edu-shared_TimeSeries/TimeSeries/trimmed/combined_files/MON_R24_H3_R2_trim.fastq.gz
Completed MON_R24_H3
Processing MON_R0_H1...
R1: /scratch4/workspace/zdellaert_uri_edu-shared_TimeSeries/TimeSeries/trimmed/combined_files/MON_R0_H1_R1_trim.fastq.gz
R2: /scratch4/workspace/zdellaert_uri_edu-shared_TimeSeries/TimeSeries/trimmed/combined_files/MON_R0_H1_R2_trim.fastq.gz
Completed MON_R0_H1
Processing MON_R3_C1...
R1: /scratch4/workspace/zdellaert_uri_edu-shared_TimeSeries/TimeSeries/trimmed/combined_files/MON_R3_C1_R1_trim.fastq.gz
R2: /scratch4/workspace/zdellaert_uri_edu-shared_TimeSeries/TimeSeries/trimmed/combined_files/MON_R3_C1_R2_trim.fastq.gz
Completed MON_R3_C1
Processing MON_R3_C2...
R1: /scratch4/workspace/zdellaert_uri_edu-shared_TimeSeries/TimeSeries/trimmed/combined_files/MON_R3_C2_R1_trim.fastq.gz
R2: /scratch4/workspace/zdellaert_uri_edu-shared_TimeSeries/TimeSeries/trimmed/combined_files/MON_R3_C2_R2_trim.fastq.gz
Completed MON_R3_C2
Processing MON_R3_C3...
R1: /scratch4/workspace/zdellaert_uri_edu-shared_TimeSeries/TimeSeries/trimmed/combined_files/MON_R3_C3_R1_trim.fastq.gz
R2: /scratch4/workspace/zdellaert_uri_edu-shared_TimeSeries/TimeSeries/trimmed/combined_files/MON_R3_C3_R2_trim.fastq.gz
Completed MON_R3_C3
Processing MON_R3_H1...
R1: /scratch4/workspace/zdellaert_uri_edu-shared_TimeSeries/TimeSeries/trimmed/combined_files/MON_R3_H1_R1_trim.fastq.gz
R2: /scratch4/workspace/zdellaert_uri_edu-shared_TimeSeries/TimeSeries/trimmed/combined_files/MON_R3_H1_R2_trim.fastq.gz
Completed MON_R3_H1
Processing MON_R3_H2...
R1: /scratch4/workspace/zdellaert_uri_edu-shared_TimeSeries/TimeSeries/trimmed/combined_files/MON_R3_H2_R1_trim.fastq.gz
R2: /scratch4/workspace/zdellaert_uri_edu-shared_TimeSeries/TimeSeries/trimmed/combined_files/MON_R3_H2_R2_trim.fastq.gz
Completed MON_R3_H2
Processing MON_R3_H3...
R1: /scratch4/workspace/zdellaert_uri_edu-shared_TimeSeries/TimeSeries/trimmed/combined_files/MON_R3_H3_R1_trim.fastq.gz
R2: /scratch4/workspace/zdellaert_uri_edu-shared_TimeSeries/TimeSeries/trimmed/combined_files/MON_R3_H3_R2_trim.fastq.gz
Completed MON_R3_H3
Processing MON_R72_C1...
R1: /scratch4/workspace/zdellaert_uri_edu-shared_TimeSeries/TimeSeries/trimmed/combined_files/MON_R72_C1_R1_trim.fastq.gz
R2: /scratch4/workspace/zdellaert_uri_edu-shared_TimeSeries/TimeSeries/trimmed/combined_files/MON_R72_C1_R2_trim.fastq.gz
Completed MON_R72_C1
Processing MON_R72_C2...
R1: /scratch4/workspace/zdellaert_uri_edu-shared_TimeSeries/TimeSeries/trimmed/combined_files/MON_R72_C2_R1_trim.fastq.gz
R2: /scratch4/workspace/zdellaert_uri_edu-shared_TimeSeries/TimeSeries/trimmed/combined_files/MON_R72_C2_R2_trim.fastq.gz
Completed MON_R72_C2
Processing MON_R72_C3...
R1: /scratch4/workspace/zdellaert_uri_edu-shared_TimeSeries/TimeSeries/trimmed/combined_files/MON_R72_C3_R1_trim.fastq.gz
R2: /scratch4/workspace/zdellaert_uri_edu-shared_TimeSeries/TimeSeries/trimmed/combined_files/MON_R72_C3_R2_trim.fastq.gz
Completed MON_R72_C3
Processing MON_R72_H1...
R1: /scratch4/workspace/zdellaert_uri_edu-shared_TimeSeries/TimeSeries/trimmed/combined_files/MON_R72_H1_R1_trim.fastq.gz
R2: /scratch4/workspace/zdellaert_uri_edu-shared_TimeSeries/TimeSeries/trimmed/combined_files/MON_R72_H1_R2_trim.fastq.gz
Completed MON_R72_H1
Processing MON_R0_H2...
R1: /scratch4/workspace/zdellaert_uri_edu-shared_TimeSeries/TimeSeries/trimmed/combined_files/MON_R0_H2_R1_trim.fastq.gz
R2: /scratch4/workspace/zdellaert_uri_edu-shared_TimeSeries/TimeSeries/trimmed/combined_files/MON_R0_H2_R2_trim.fastq.gz
Completed MON_R0_H2
Processing MON_R72_H2...
R1: /scratch4/workspace/zdellaert_uri_edu-shared_TimeSeries/TimeSeries/trimmed/combined_files/MON_R72_H2_R1_trim.fastq.gz
R2: /scratch4/workspace/zdellaert_uri_edu-shared_TimeSeries/TimeSeries/trimmed/combined_files/MON_R72_H2_R2_trim.fastq.gz
Completed MON_R72_H2
Processing MON_R72_H3...
R1: /scratch4/workspace/zdellaert_uri_edu-shared_TimeSeries/TimeSeries/trimmed/combined_files/MON_R72_H3_R1_trim.fastq.gz
R2: /scratch4/workspace/zdellaert_uri_edu-shared_TimeSeries/TimeSeries/trimmed/combined_files/MON_R72_H3_R2_trim.fastq.gz
Completed MON_R72_H3
Processing POC_R0_C1...
R1: /scratch4/workspace/zdellaert_uri_edu-shared_TimeSeries/TimeSeries/trimmed/combined_files/POC_R0_C1_R1_trim.fastq.gz
R2: /scratch4/workspace/zdellaert_uri_edu-shared_TimeSeries/TimeSeries/trimmed/combined_files/POC_R0_C1_R2_trim.fastq.gz
Completed POC_R0_C1
Processing POC_R0_C2...
R1: /scratch4/workspace/zdellaert_uri_edu-shared_TimeSeries/TimeSeries/trimmed/combined_files/POC_R0_C2_R1_trim.fastq.gz
R2: /scratch4/workspace/zdellaert_uri_edu-shared_TimeSeries/TimeSeries/trimmed/combined_files/POC_R0_C2_R2_trim.fastq.gz
Completed POC_R0_C2
Processing POC_R0_C3...
R1: /scratch4/workspace/zdellaert_uri_edu-shared_TimeSeries/TimeSeries/trimmed/combined_files/POC_R0_C3_R1_trim.fastq.gz
R2: /scratch4/workspace/zdellaert_uri_edu-shared_TimeSeries/TimeSeries/trimmed/combined_files/POC_R0_C3_R2_trim.fastq.gz
Completed POC_R0_C3
Processing POC_R0_H1...
R1: /scratch4/workspace/zdellaert_uri_edu-shared_TimeSeries/TimeSeries/trimmed/combined_files/POC_R0_H1_R1_trim.fastq.gz
R2: /scratch4/workspace/zdellaert_uri_edu-shared_TimeSeries/TimeSeries/trimmed/combined_files/POC_R0_H1_R2_trim.fastq.gz
Processing POC_R0_H2...
R1: /scratch4/workspace/zdellaert_uri_edu-shared_TimeSeries/TimeSeries/trimmed/combined_files/POC_R0_H2_R1_trim.fastq.gz
R2: /scratch4/workspace/zdellaert_uri_edu-shared_TimeSeries/TimeSeries/trimmed/combined_files/POC_R0_H2_R2_trim.fastq.gz
Completed POC_R0_H2
Processing POC_R0_H3...
R1: /scratch4/workspace/zdellaert_uri_edu-shared_TimeSeries/TimeSeries/trimmed/combined_files/POC_R0_H3_R1_trim.fastq.gz
R2: /scratch4/workspace/zdellaert_uri_edu-shared_TimeSeries/TimeSeries/trimmed/combined_files/POC_R0_H3_R2_trim.fastq.gz
Processing POC_R120_C1...
R1: /scratch4/workspace/zdellaert_uri_edu-shared_TimeSeries/TimeSeries/trimmed/combined_files/POC_R120_C1_R1_trim.fastq.gz
R2: /scratch4/workspace/zdellaert_uri_edu-shared_TimeSeries/TimeSeries/trimmed/combined_files/POC_R120_C1_R2_trim.fastq.gz
Completed POC_R120_C1
Processing POC_R120_C2...
R1: /scratch4/workspace/zdellaert_uri_edu-shared_TimeSeries/TimeSeries/trimmed/combined_files/POC_R120_C2_R1_trim.fastq.gz
R2: /scratch4/workspace/zdellaert_uri_edu-shared_TimeSeries/TimeSeries/trimmed/combined_files/POC_R120_C2_R2_trim.fastq.gz
Completed POC_R120_C2
Processing MON_R0_H3...
R1: /scratch4/workspace/zdellaert_uri_edu-shared_TimeSeries/TimeSeries/trimmed/combined_files/MON_R0_H3_R1_trim.fastq.gz
R2: /scratch4/workspace/zdellaert_uri_edu-shared_TimeSeries/TimeSeries/trimmed/combined_files/MON_R0_H3_R2_trim.fastq.gz
Completed MON_R0_H3
Processing POC_R120_C3...
R1: /scratch4/workspace/zdellaert_uri_edu-shared_TimeSeries/TimeSeries/trimmed/combined_files/POC_R120_C3_R1_trim.fastq.gz
R2: /scratch4/workspace/zdellaert_uri_edu-shared_TimeSeries/TimeSeries/trimmed/combined_files/POC_R120_C3_R2_trim.fastq.gz
Processing POC_R120_H1...
R1: /scratch4/workspace/zdellaert_uri_edu-shared_TimeSeries/TimeSeries/trimmed/combined_files/POC_R120_H1_R1_trim.fastq.gz
R2: /scratch4/workspace/zdellaert_uri_edu-shared_TimeSeries/TimeSeries/trimmed/combined_files/POC_R120_H1_R2_trim.fastq.gz
Completed POC_R120_H1
Processing POC_R120_H2...
R1: /scratch4/workspace/zdellaert_uri_edu-shared_TimeSeries/TimeSeries/trimmed/combined_files/POC_R120_H2_R1_trim.fastq.gz
R2: /scratch4/workspace/zdellaert_uri_edu-shared_TimeSeries/TimeSeries/trimmed/combined_files/POC_R120_H2_R2_trim.fastq.gz
Completed POC_R120_H2
Processing POC_R120_H3...
R1: /scratch4/workspace/zdellaert_uri_edu-shared_TimeSeries/TimeSeries/trimmed/combined_files/POC_R120_H3_R1_trim.fastq.gz
R2: /scratch4/workspace/zdellaert_uri_edu-shared_TimeSeries/TimeSeries/trimmed/combined_files/POC_R120_H3_R2_trim.fastq.gz
Completed POC_R120_H3
Processing POC_R12_C1...
R1: /scratch4/workspace/zdellaert_uri_edu-shared_TimeSeries/TimeSeries/trimmed/combined_files/POC_R12_C1_R1_trim.fastq.gz
R2: /scratch4/workspace/zdellaert_uri_edu-shared_TimeSeries/TimeSeries/trimmed/combined_files/POC_R12_C1_R2_trim.fastq.gz
Completed POC_R12_C1
Processing POC_R12_C2...
R1: /scratch4/workspace/zdellaert_uri_edu-shared_TimeSeries/TimeSeries/trimmed/combined_files/POC_R12_C2_R1_trim.fastq.gz
R2: /scratch4/workspace/zdellaert_uri_edu-shared_TimeSeries/TimeSeries/trimmed/combined_files/POC_R12_C2_R2_trim.fastq.gz
Completed POC_R12_C2
Processing POC_R12_C3...
R1: /scratch4/workspace/zdellaert_uri_edu-shared_TimeSeries/TimeSeries/trimmed/combined_files/POC_R12_C3_R1_trim.fastq.gz
R2: /scratch4/workspace/zdellaert_uri_edu-shared_TimeSeries/TimeSeries/trimmed/combined_files/POC_R12_C3_R2_trim.fastq.gz
Completed POC_R12_C3
Processing POC_R12_H1...
R1: /scratch4/workspace/zdellaert_uri_edu-shared_TimeSeries/TimeSeries/trimmed/combined_files/POC_R12_H1_R1_trim.fastq.gz
R2: /scratch4/workspace/zdellaert_uri_edu-shared_TimeSeries/TimeSeries/trimmed/combined_files/POC_R12_H1_R2_trim.fastq.gz
Processing POC_R12_H2...
R1: /scratch4/workspace/zdellaert_uri_edu-shared_TimeSeries/TimeSeries/trimmed/combined_files/POC_R12_H2_R1_trim.fastq.gz
R2: /scratch4/workspace/zdellaert_uri_edu-shared_TimeSeries/TimeSeries/trimmed/combined_files/POC_R12_H2_R2_trim.fastq.gz
Completed POC_R12_H2
Processing POC_R12_H3...
R1: /scratch4/workspace/zdellaert_uri_edu-shared_TimeSeries/TimeSeries/trimmed/combined_files/POC_R12_H3_R1_trim.fastq.gz
R2: /scratch4/workspace/zdellaert_uri_edu-shared_TimeSeries/TimeSeries/trimmed/combined_files/POC_R12_H3_R2_trim.fastq.gz
Completed POC_R12_H3
Processing MON_R120_C1...
R1: /scratch4/workspace/zdellaert_uri_edu-shared_TimeSeries/TimeSeries/trimmed/combined_files/MON_R120_C1_R1_trim.fastq.gz
R2: /scratch4/workspace/zdellaert_uri_edu-shared_TimeSeries/TimeSeries/trimmed/combined_files/MON_R120_C1_R2_trim.fastq.gz
Completed MON_R120_C1
Processing POC_R1_C1...
R1: /scratch4/workspace/zdellaert_uri_edu-shared_TimeSeries/TimeSeries/trimmed/combined_files/POC_R1_C1_R1_trim.fastq.gz
R2: /scratch4/workspace/zdellaert_uri_edu-shared_TimeSeries/TimeSeries/trimmed/combined_files/POC_R1_C1_R2_trim.fastq.gz
Completed POC_R1_C1
Processing POC_R1_C2...
R1: /scratch4/workspace/zdellaert_uri_edu-shared_TimeSeries/TimeSeries/trimmed/combined_files/POC_R1_C2_R1_trim.fastq.gz
R2: /scratch4/workspace/zdellaert_uri_edu-shared_TimeSeries/TimeSeries/trimmed/combined_files/POC_R1_C2_R2_trim.fastq.gz
Completed POC_R1_C2
Processing POC_R1_C3...
R1: /scratch4/workspace/zdellaert_uri_edu-shared_TimeSeries/TimeSeries/trimmed/combined_files/POC_R1_C3_R1_trim.fastq.gz
R2: /scratch4/workspace/zdellaert_uri_edu-shared_TimeSeries/TimeSeries/trimmed/combined_files/POC_R1_C3_R2_trim.fastq.gz
Completed POC_R1_C3
Processing POC_R1_H1...
R1: /scratch4/workspace/zdellaert_uri_edu-shared_TimeSeries/TimeSeries/trimmed/combined_files/POC_R1_H1_R1_trim.fastq.gz
R2: /scratch4/workspace/zdellaert_uri_edu-shared_TimeSeries/TimeSeries/trimmed/combined_files/POC_R1_H1_R2_trim.fastq.gz
Completed POC_R1_H1
Processing POC_R1_H2...
R1: /scratch4/workspace/zdellaert_uri_edu-shared_TimeSeries/TimeSeries/trimmed/combined_files/POC_R1_H2_R1_trim.fastq.gz
R2: /scratch4/workspace/zdellaert_uri_edu-shared_TimeSeries/TimeSeries/trimmed/combined_files/POC_R1_H2_R2_trim.fastq.gz
Completed POC_R1_H2
Processing POC_R1_H3...
R1: /scratch4/workspace/zdellaert_uri_edu-shared_TimeSeries/TimeSeries/trimmed/combined_files/POC_R1_H3_R1_trim.fastq.gz
R2: /scratch4/workspace/zdellaert_uri_edu-shared_TimeSeries/TimeSeries/trimmed/combined_files/POC_R1_H3_R2_trim.fastq.gz
Completed POC_R1_H3
Processing POC_R24_C1...
R1: /scratch4/workspace/zdellaert_uri_edu-shared_TimeSeries/TimeSeries/trimmed/combined_files/POC_R24_C1_R1_trim.fastq.gz
R2: /scratch4/workspace/zdellaert_uri_edu-shared_TimeSeries/TimeSeries/trimmed/combined_files/POC_R24_C1_R2_trim.fastq.gz
Completed POC_R24_C1
Processing POC_R24_C2...
R1: /scratch4/workspace/zdellaert_uri_edu-shared_TimeSeries/TimeSeries/trimmed/combined_files/POC_R24_C2_R1_trim.fastq.gz
R2: /scratch4/workspace/zdellaert_uri_edu-shared_TimeSeries/TimeSeries/trimmed/combined_files/POC_R24_C2_R2_trim.fastq.gz
Completed POC_R24_C2
Processing POC_R24_C3...
R1: /scratch4/workspace/zdellaert_uri_edu-shared_TimeSeries/TimeSeries/trimmed/combined_files/POC_R24_C3_R1_trim.fastq.gz
R2: /scratch4/workspace/zdellaert_uri_edu-shared_TimeSeries/TimeSeries/trimmed/combined_files/POC_R24_C3_R2_trim.fastq.gz
Completed POC_R24_C3
Processing POC_R24_H1...
R1: /scratch4/workspace/zdellaert_uri_edu-shared_TimeSeries/TimeSeries/trimmed/combined_files/POC_R24_H1_R1_trim.fastq.gz
R2: /scratch4/workspace/zdellaert_uri_edu-shared_TimeSeries/TimeSeries/trimmed/combined_files/POC_R24_H1_R2_trim.fastq.gz
Completed POC_R24_H1
Processing MON_R120_C2...
R1: /scratch4/workspace/zdellaert_uri_edu-shared_TimeSeries/TimeSeries/trimmed/combined_files/MON_R120_C2_R1_trim.fastq.gz
R2: /scratch4/workspace/zdellaert_uri_edu-shared_TimeSeries/TimeSeries/trimmed/combined_files/MON_R120_C2_R2_trim.fastq.gz
Completed MON_R120_C2
Processing POC_R24_H2...
R1: /scratch4/workspace/zdellaert_uri_edu-shared_TimeSeries/TimeSeries/trimmed/combined_files/POC_R24_H2_R1_trim.fastq.gz
R2: /scratch4/workspace/zdellaert_uri_edu-shared_TimeSeries/TimeSeries/trimmed/combined_files/POC_R24_H2_R2_trim.fastq.gz
Completed POC_R24_H2
Processing POC_R24_H3...
R1: /scratch4/workspace/zdellaert_uri_edu-shared_TimeSeries/TimeSeries/trimmed/combined_files/POC_R24_H3_R1_trim.fastq.gz
R2: /scratch4/workspace/zdellaert_uri_edu-shared_TimeSeries/TimeSeries/trimmed/combined_files/POC_R24_H3_R2_trim.fastq.gz
Completed POC_R24_H3
Processing POC_R3_C1...
R1: /scratch4/workspace/zdellaert_uri_edu-shared_TimeSeries/TimeSeries/trimmed/combined_files/POC_R3_C1_R1_trim.fastq.gz
R2: /scratch4/workspace/zdellaert_uri_edu-shared_TimeSeries/TimeSeries/trimmed/combined_files/POC_R3_C1_R2_trim.fastq.gz
Completed POC_R3_C1
Processing POC_R3_C2...
R1: /scratch4/workspace/zdellaert_uri_edu-shared_TimeSeries/TimeSeries/trimmed/combined_files/POC_R3_C2_R1_trim.fastq.gz
R2: /scratch4/workspace/zdellaert_uri_edu-shared_TimeSeries/TimeSeries/trimmed/combined_files/POC_R3_C2_R2_trim.fastq.gz
Completed POC_R3_C2
Processing POC_R3_C3...
R1: /scratch4/workspace/zdellaert_uri_edu-shared_TimeSeries/TimeSeries/trimmed/combined_files/POC_R3_C3_R1_trim.fastq.gz
R2: /scratch4/workspace/zdellaert_uri_edu-shared_TimeSeries/TimeSeries/trimmed/combined_files/POC_R3_C3_R2_trim.fastq.gz
Completed POC_R3_C3
Processing POC_R3_H1...
R1: /scratch4/workspace/zdellaert_uri_edu-shared_TimeSeries/TimeSeries/trimmed/combined_files/POC_R3_H1_R1_trim.fastq.gz
R2: /scratch4/workspace/zdellaert_uri_edu-shared_TimeSeries/TimeSeries/trimmed/combined_files/POC_R3_H1_R2_trim.fastq.gz
Completed POC_R3_H1
Processing POC_R3_H2...
R1: /scratch4/workspace/zdellaert_uri_edu-shared_TimeSeries/TimeSeries/trimmed/combined_files/POC_R3_H2_R1_trim.fastq.gz
R2: /scratch4/workspace/zdellaert_uri_edu-shared_TimeSeries/TimeSeries/trimmed/combined_files/POC_R3_H2_R2_trim.fastq.gz
Completed POC_R3_H2
Processing POC_R3_H3...
R1: /scratch4/workspace/zdellaert_uri_edu-shared_TimeSeries/TimeSeries/trimmed/combined_files/POC_R3_H3_R1_trim.fastq.gz
R2: /scratch4/workspace/zdellaert_uri_edu-shared_TimeSeries/TimeSeries/trimmed/combined_files/POC_R3_H3_R2_trim.fastq.gz
Completed POC_R3_H3
Processing POC_R72_C1...
R1: /scratch4/workspace/zdellaert_uri_edu-shared_TimeSeries/TimeSeries/trimmed/combined_files/POC_R72_C1_R1_trim.fastq.gz
R2: /scratch4/workspace/zdellaert_uri_edu-shared_TimeSeries/TimeSeries/trimmed/combined_files/POC_R72_C1_R2_trim.fastq.gz
Completed POC_R72_C1
Processing POC_R72_C2...
R1: /scratch4/workspace/zdellaert_uri_edu-shared_TimeSeries/TimeSeries/trimmed/combined_files/POC_R72_C2_R1_trim.fastq.gz
R2: /scratch4/workspace/zdellaert_uri_edu-shared_TimeSeries/TimeSeries/trimmed/combined_files/POC_R72_C2_R2_trim.fastq.gz
Processing MON_R120_C3...
R1: /scratch4/workspace/zdellaert_uri_edu-shared_TimeSeries/TimeSeries/trimmed/combined_files/MON_R120_C3_R1_trim.fastq.gz
R2: /scratch4/workspace/zdellaert_uri_edu-shared_TimeSeries/TimeSeries/trimmed/combined_files/MON_R120_C3_R2_trim.fastq.gz
Completed MON_R120_C3
Processing POC_R72_C3...
R1: /scratch4/workspace/zdellaert_uri_edu-shared_TimeSeries/TimeSeries/trimmed/combined_files/POC_R72_C3_R1_trim.fastq.gz
R2: /scratch4/workspace/zdellaert_uri_edu-shared_TimeSeries/TimeSeries/trimmed/combined_files/POC_R72_C3_R2_trim.fastq.gz
Completed POC_R72_C3
Processing POC_R72_H1...
R1: /scratch4/workspace/zdellaert_uri_edu-shared_TimeSeries/TimeSeries/trimmed/combined_files/POC_R72_H1_R1_trim.fastq.gz
R2: /scratch4/workspace/zdellaert_uri_edu-shared_TimeSeries/TimeSeries/trimmed/combined_files/POC_R72_H1_R2_trim.fastq.gz
Completed POC_R72_H1
Processing POC_R72_H2...
R1: /scratch4/workspace/zdellaert_uri_edu-shared_TimeSeries/TimeSeries/trimmed/combined_files/POC_R72_H2_R1_trim.fastq.gz
R2: /scratch4/workspace/zdellaert_uri_edu-shared_TimeSeries/TimeSeries/trimmed/combined_files/POC_R72_H2_R2_trim.fastq.gz
Completed POC_R72_H2
Processing POC_R72_H3...
R1: /scratch4/workspace/zdellaert_uri_edu-shared_TimeSeries/TimeSeries/trimmed/combined_files/POC_R72_H3_R1_trim.fastq.gz
R2: /scratch4/workspace/zdellaert_uri_edu-shared_TimeSeries/TimeSeries/trimmed/combined_files/POC_R72_H3_R2_trim.fastq.gz
Completed POC_R72_H3
Processing POR_R0_C1...
R1: /scratch4/workspace/zdellaert_uri_edu-shared_TimeSeries/TimeSeries/trimmed/combined_files/POR_R0_C1_R1_trim.fastq.gz
R2: /scratch4/workspace/zdellaert_uri_edu-shared_TimeSeries/TimeSeries/trimmed/combined_files/POR_R0_C1_R2_trim.fastq.gz
Completed POR_R0_C1
Processing POR_R0_C2...
R1: /scratch4/workspace/zdellaert_uri_edu-shared_TimeSeries/TimeSeries/trimmed/combined_files/POR_R0_C2_R1_trim.fastq.gz
R2: /scratch4/workspace/zdellaert_uri_edu-shared_TimeSeries/TimeSeries/trimmed/combined_files/POR_R0_C2_R2_trim.fastq.gz
Completed POR_R0_C2
Processing POR_R0_C3...
R1: /scratch4/workspace/zdellaert_uri_edu-shared_TimeSeries/TimeSeries/trimmed/combined_files/POR_R0_C3_R1_trim.fastq.gz
R2: /scratch4/workspace/zdellaert_uri_edu-shared_TimeSeries/TimeSeries/trimmed/combined_files/POR_R0_C3_R2_trim.fastq.gz
Completed POR_R0_C3
Processing POR_R0_H1...
R1: /scratch4/workspace/zdellaert_uri_edu-shared_TimeSeries/TimeSeries/trimmed/combined_files/POR_R0_H1_R1_trim.fastq.gz
R2: /scratch4/workspace/zdellaert_uri_edu-shared_TimeSeries/TimeSeries/trimmed/combined_files/POR_R0_H1_R2_trim.fastq.gz
Completed POR_R0_H1
Processing POR_R0_H2...
R1: /scratch4/workspace/zdellaert_uri_edu-shared_TimeSeries/TimeSeries/trimmed/combined_files/POR_R0_H2_R1_trim.fastq.gz
R2: /scratch4/workspace/zdellaert_uri_edu-shared_TimeSeries/TimeSeries/trimmed/combined_files/POR_R0_H2_R2_trim.fastq.gz
Completed POR_R0_H2
Processing POR_R0_H3...
R1: /scratch4/workspace/zdellaert_uri_edu-shared_TimeSeries/TimeSeries/trimmed/combined_files/POR_R0_H3_R1_trim.fastq.gz
R2: /scratch4/workspace/zdellaert_uri_edu-shared_TimeSeries/TimeSeries/trimmed/combined_files/POR_R0_H3_R2_trim.fastq.gz
Completed POR_R0_H3
Processing MON_R120_H1...
R1: /scratch4/workspace/zdellaert_uri_edu-shared_TimeSeries/TimeSeries/trimmed/combined_files/MON_R120_H1_R1_trim.fastq.gz
R2: /scratch4/workspace/zdellaert_uri_edu-shared_TimeSeries/TimeSeries/trimmed/combined_files/MON_R120_H1_R2_trim.fastq.gz
Completed MON_R120_H1
Processing POR_R120_C1...
R1: /scratch4/workspace/zdellaert_uri_edu-shared_TimeSeries/TimeSeries/trimmed/combined_files/POR_R120_C1_R1_trim.fastq.gz
R2: /scratch4/workspace/zdellaert_uri_edu-shared_TimeSeries/TimeSeries/trimmed/combined_files/POR_R120_C1_R2_trim.fastq.gz
Completed POR_R120_C1
Processing POR_R120_C2...
R1: /scratch4/workspace/zdellaert_uri_edu-shared_TimeSeries/TimeSeries/trimmed/combined_files/POR_R120_C2_R1_trim.fastq.gz
R2: /scratch4/workspace/zdellaert_uri_edu-shared_TimeSeries/TimeSeries/trimmed/combined_files/POR_R120_C2_R2_trim.fastq.gz
Completed POR_R120_C2
Processing POR_R120_C3...
R1: /scratch4/workspace/zdellaert_uri_edu-shared_TimeSeries/TimeSeries/trimmed/combined_files/POR_R120_C3_R1_trim.fastq.gz
R2: /scratch4/workspace/zdellaert_uri_edu-shared_TimeSeries/TimeSeries/trimmed/combined_files/POR_R120_C3_R2_trim.fastq.gz
Completed POR_R120_C3
Processing POR_R120_H1...
R1: /scratch4/workspace/zdellaert_uri_edu-shared_TimeSeries/TimeSeries/trimmed/combined_files/POR_R120_H1_R1_trim.fastq.gz
R2: /scratch4/workspace/zdellaert_uri_edu-shared_TimeSeries/TimeSeries/trimmed/combined_files/POR_R120_H1_R2_trim.fastq.gz
Completed POR_R120_H1
Processing POR_R120_H2...
R1: /scratch4/workspace/zdellaert_uri_edu-shared_TimeSeries/TimeSeries/trimmed/combined_files/POR_R120_H2_R1_trim.fastq.gz
R2: /scratch4/workspace/zdellaert_uri_edu-shared_TimeSeries/TimeSeries/trimmed/combined_files/POR_R120_H2_R2_trim.fastq.gz
Completed POR_R120_H2
Processing POR_R120_H3...
R1: /scratch4/workspace/zdellaert_uri_edu-shared_TimeSeries/TimeSeries/trimmed/combined_files/POR_R120_H3_R1_trim.fastq.gz
R2: /scratch4/workspace/zdellaert_uri_edu-shared_TimeSeries/TimeSeries/trimmed/combined_files/POR_R120_H3_R2_trim.fastq.gz
Completed POR_R120_H3
Processing POR_R12_C1...
R1: /scratch4/workspace/zdellaert_uri_edu-shared_TimeSeries/TimeSeries/trimmed/combined_files/POR_R12_C1_R1_trim.fastq.gz
R2: /scratch4/workspace/zdellaert_uri_edu-shared_TimeSeries/TimeSeries/trimmed/combined_files/POR_R12_C1_R2_trim.fastq.gz
Completed POR_R12_C1
Processing POR_R12_C2...
R1: /scratch4/workspace/zdellaert_uri_edu-shared_TimeSeries/TimeSeries/trimmed/combined_files/POR_R12_C2_R1_trim.fastq.gz
R2: /scratch4/workspace/zdellaert_uri_edu-shared_TimeSeries/TimeSeries/trimmed/combined_files/POR_R12_C2_R2_trim.fastq.gz
Completed POR_R12_C2
Processing POR_R12_C3...
R1: /scratch4/workspace/zdellaert_uri_edu-shared_TimeSeries/TimeSeries/trimmed/combined_files/POR_R12_C3_R1_trim.fastq.gz
R2: /scratch4/workspace/zdellaert_uri_edu-shared_TimeSeries/TimeSeries/trimmed/combined_files/POR_R12_C3_R2_trim.fastq.gz
Completed POR_R12_C3
Processing POR_R12_H1...
R1: /scratch4/workspace/zdellaert_uri_edu-shared_TimeSeries/TimeSeries/trimmed/combined_files/POR_R12_H1_R1_trim.fastq.gz
R2: /scratch4/workspace/zdellaert_uri_edu-shared_TimeSeries/TimeSeries/trimmed/combined_files/POR_R12_H1_R2_trim.fastq.gz
Completed POR_R12_H1
Processing POC_R0_H1...
R1: /scratch4/workspace/zdellaert_uri_edu-shared_TimeSeries/TimeSeries/trimmed/combined_files/POC_R0_H1_R1_trim.fastq.gz
R2: /scratch4/workspace/zdellaert_uri_edu-shared_TimeSeries/TimeSeries/trimmed/combined_files/POC_R0_H1_R2_trim.fastq.gz
Completed POC_R0_H1
Processing POC_R0_H3...
R1: /scratch4/workspace/zdellaert_uri_edu-shared_TimeSeries/TimeSeries/trimmed/combined_files/POC_R0_H3_R1_trim.fastq.gz
R2: /scratch4/workspace/zdellaert_uri_edu-shared_TimeSeries/TimeSeries/trimmed/combined_files/POC_R0_H3_R2_trim.fastq.gz
Completed POC_R0_H3
Processing POC_R120_C3...
R1: /scratch4/workspace/zdellaert_uri_edu-shared_TimeSeries/TimeSeries/trimmed/combined_files/POC_R120_C3_R1_trim.fastq.gz
R2: /scratch4/workspace/zdellaert_uri_edu-shared_TimeSeries/TimeSeries/trimmed/combined_files/POC_R120_C3_R2_trim.fastq.gz
Completed POC_R120_C3
Processing POC_R12_H1...
R1: /scratch4/workspace/zdellaert_uri_edu-shared_TimeSeries/TimeSeries/trimmed/combined_files/POC_R12_H1_R1_trim.fastq.gz
R2: /scratch4/workspace/zdellaert_uri_edu-shared_TimeSeries/TimeSeries/trimmed/combined_files/POC_R12_H1_R2_trim.fastq.gz
Completed POC_R12_H1
Processing POC_R72_C2...
R1: /scratch4/workspace/zdellaert_uri_edu-shared_TimeSeries/TimeSeries/trimmed/combined_files/POC_R72_C2_R1_trim.fastq.gz
R2: /scratch4/workspace/zdellaert_uri_edu-shared_TimeSeries/TimeSeries/trimmed/combined_files/POC_R72_C2_R2_trim.fastq.gz
Completed POC_R72_C2
